Archive member included to satisfy reference by file (symbol)

/Applications/STM32CubeIDE.app/Contents/Eclipse/plugins/com.st.stm32cube.ide.mcu.externaltools.gnu-tools-for-stm32.9-2020-q2-update.macos64_1.5.0.202011040924/tools/bin/../lib/gcc/arm-none-eabi/9.3.1/../../../../arm-none-eabi/lib/thumb/v7e-m+fp/hard/libc_nano.a(lib_a-atoi.o)
                              Core/Src/stm32f4xx_it.o (atoi)
/Applications/STM32CubeIDE.app/Contents/Eclipse/plugins/com.st.stm32cube.ide.mcu.externaltools.gnu-tools-for-stm32.9-2020-q2-update.macos64_1.5.0.202011040924/tools/bin/../lib/gcc/arm-none-eabi/9.3.1/../../../../arm-none-eabi/lib/thumb/v7e-m+fp/hard/libc_nano.a(lib_a-ctype_.o)
                              Core/Src/stm32f4xx_it.o (_ctype_)
/Applications/STM32CubeIDE.app/Contents/Eclipse/plugins/com.st.stm32cube.ide.mcu.externaltools.gnu-tools-for-stm32.9-2020-q2-update.macos64_1.5.0.202011040924/tools/bin/../lib/gcc/arm-none-eabi/9.3.1/../../../../arm-none-eabi/lib/thumb/v7e-m+fp/hard/libc_nano.a(lib_a-errno.o)
                              Core/Src/syscalls.o (__errno)
/Applications/STM32CubeIDE.app/Contents/Eclipse/plugins/com.st.stm32cube.ide.mcu.externaltools.gnu-tools-for-stm32.9-2020-q2-update.macos64_1.5.0.202011040924/tools/bin/../lib/gcc/arm-none-eabi/9.3.1/../../../../arm-none-eabi/lib/thumb/v7e-m+fp/hard/libc_nano.a(lib_a-exit.o)
                              /Applications/STM32CubeIDE.app/Contents/Eclipse/plugins/com.st.stm32cube.ide.mcu.externaltools.gnu-tools-for-stm32.9-2020-q2-update.macos64_1.5.0.202011040924/tools/bin/../lib/gcc/arm-none-eabi/9.3.1/../../../../arm-none-eabi/lib/thumb/v7e-m+fp/hard/crt0.o (exit)
/Applications/STM32CubeIDE.app/Contents/Eclipse/plugins/com.st.stm32cube.ide.mcu.externaltools.gnu-tools-for-stm32.9-2020-q2-update.macos64_1.5.0.202011040924/tools/bin/../lib/gcc/arm-none-eabi/9.3.1/../../../../arm-none-eabi/lib/thumb/v7e-m+fp/hard/libc_nano.a(lib_a-impure.o)
                              /Applications/STM32CubeIDE.app/Contents/Eclipse/plugins/com.st.stm32cube.ide.mcu.externaltools.gnu-tools-for-stm32.9-2020-q2-update.macos64_1.5.0.202011040924/tools/bin/../lib/gcc/arm-none-eabi/9.3.1/../../../../arm-none-eabi/lib/thumb/v7e-m+fp/hard/libc_nano.a(lib_a-exit.o) (_global_impure_ptr)
/Applications/STM32CubeIDE.app/Contents/Eclipse/plugins/com.st.stm32cube.ide.mcu.externaltools.gnu-tools-for-stm32.9-2020-q2-update.macos64_1.5.0.202011040924/tools/bin/../lib/gcc/arm-none-eabi/9.3.1/../../../../arm-none-eabi/lib/thumb/v7e-m+fp/hard/libc_nano.a(lib_a-init.o)
                              /Applications/STM32CubeIDE.app/Contents/Eclipse/plugins/com.st.stm32cube.ide.mcu.externaltools.gnu-tools-for-stm32.9-2020-q2-update.macos64_1.5.0.202011040924/tools/bin/../lib/gcc/arm-none-eabi/9.3.1/../../../../arm-none-eabi/lib/thumb/v7e-m+fp/hard/crt0.o (__libc_init_array)
/Applications/STM32CubeIDE.app/Contents/Eclipse/plugins/com.st.stm32cube.ide.mcu.externaltools.gnu-tools-for-stm32.9-2020-q2-update.macos64_1.5.0.202011040924/tools/bin/../lib/gcc/arm-none-eabi/9.3.1/../../../../arm-none-eabi/lib/thumb/v7e-m+fp/hard/libc_nano.a(lib_a-memset.o)
                              /Applications/STM32CubeIDE.app/Contents/Eclipse/plugins/com.st.stm32cube.ide.mcu.externaltools.gnu-tools-for-stm32.9-2020-q2-update.macos64_1.5.0.202011040924/tools/bin/../lib/gcc/arm-none-eabi/9.3.1/../../../../arm-none-eabi/lib/thumb/v7e-m+fp/hard/crt0.o (memset)
/Applications/STM32CubeIDE.app/Contents/Eclipse/plugins/com.st.stm32cube.ide.mcu.externaltools.gnu-tools-for-stm32.9-2020-q2-update.macos64_1.5.0.202011040924/tools/bin/../lib/gcc/arm-none-eabi/9.3.1/../../../../arm-none-eabi/lib/thumb/v7e-m+fp/hard/libc_nano.a(lib_a-sprintf.o)
                              Core/Src/main.o (sprintf)
/Applications/STM32CubeIDE.app/Contents/Eclipse/plugins/com.st.stm32cube.ide.mcu.externaltools.gnu-tools-for-stm32.9-2020-q2-update.macos64_1.5.0.202011040924/tools/bin/../lib/gcc/arm-none-eabi/9.3.1/../../../../arm-none-eabi/lib/thumb/v7e-m+fp/hard/libc_nano.a(lib_a-strlen.o)
                              Core/Src/stm32f4xx_it.o (strlen)
/Applications/STM32CubeIDE.app/Contents/Eclipse/plugins/com.st.stm32cube.ide.mcu.externaltools.gnu-tools-for-stm32.9-2020-q2-update.macos64_1.5.0.202011040924/tools/bin/../lib/gcc/arm-none-eabi/9.3.1/../../../../arm-none-eabi/lib/thumb/v7e-m+fp/hard/libc_nano.a(lib_a-strtol.o)
                              /Applications/STM32CubeIDE.app/Contents/Eclipse/plugins/com.st.stm32cube.ide.mcu.externaltools.gnu-tools-for-stm32.9-2020-q2-update.macos64_1.5.0.202011040924/tools/bin/../lib/gcc/arm-none-eabi/9.3.1/../../../../arm-none-eabi/lib/thumb/v7e-m+fp/hard/libc_nano.a(lib_a-atoi.o) (_strtol_r)
/Applications/STM32CubeIDE.app/Contents/Eclipse/plugins/com.st.stm32cube.ide.mcu.externaltools.gnu-tools-for-stm32.9-2020-q2-update.macos64_1.5.0.202011040924/tools/bin/../lib/gcc/arm-none-eabi/9.3.1/../../../../arm-none-eabi/lib/thumb/v7e-m+fp/hard/libc_nano.a(lib_a-nano-svfprintf.o)
[...]
Memory Configuration

Name             Origin             Length             Attributes
CCMRAM           0x0000000010000000 0x0000000000010000 xrw
RAM              0x0000000020000000 0x0000000000020000 xrw
FLASH            0x0000000008000000 0x0000000000080000 xr
*default*        0x0000000000000000 0xffffffffffffffff

Linker script and memory map

LOAD /Applications/STM32CubeIDE.app/Contents/Eclipse/plugins/com.st.stm32cube.ide.mcu.externaltools.gnu-tools-for-stm32.9-2020-q2-update.macos64_1.5.0.202011040924/tools/bin/../lib/gcc/arm-none-eabi/9.3.1/thumb/v7e-m+fp/hard/crti.o
LOAD /Applications/STM32CubeIDE.app/Contents/Eclipse/plugins/com.st.stm32cube.ide.mcu.externaltools.gnu-tools-for-stm32.9-2020-q2-update.macos64_1.5.0.202011040924/tools/bin/../lib/gcc/arm-none-eabi/9.3.1/thumb/v7e-m+fp/hard/crtbegin.o
LOAD /Applications/STM32CubeIDE.app/Contents/Eclipse/plugins/com.st.stm32cube.ide.mcu.externaltools.gnu-tools-for-stm32.9-2020-q2-update.macos64_1.5.0.202011040924/tools/bin/../lib/gcc/arm-none-eabi/9.3.1/../../../../arm-none-eabi/lib/thumb/v7e-m+fp/hard/crt0.o
LOAD Core/Src/main.o
LOAD Core/Src/stm32f4xx_hal_msp.o
LOAD Core/Src/stm32f4xx_it.o
LOAD Core/Src/syscalls.o
LOAD Core/Src/sysmem.o
LOAD Core/Src/system_stm32f4xx.o
LOAD Core/Startup/startup_stm32f407zetx.o
LOAD Drivers/STM32F4xx_HAL_Driver/Src/stm32f4xx_hal.o
LOAD Drivers/STM32F4xx_HAL_Driver/Src/stm32f4xx_hal_cortex.o
LOAD Drivers/STM32F4xx_HAL_Driver/Src/stm32f4xx_hal_dma.o
LOAD Drivers/STM32F4xx_HAL_Driver/Src/stm32f4xx_hal_dma_ex.o
LOAD Drivers/STM32F4xx_HAL_Driver/Src/stm32f4xx_hal_exti.o
LOAD Drivers/STM32F4xx_HAL_Driver/Src/stm32f4xx_hal_flash.o
LOAD Drivers/STM32F4xx_HAL_Driver/Src/stm32f4xx_hal_flash_ex.o
LOAD Drivers/STM32F4xx_HAL_Driver/Src/stm32f4xx_hal_flash_ramfunc.o
LOAD Drivers/STM32F4xx_HAL_Driver/Src/stm32f4xx_hal_gpio.o
LOAD Drivers/STM32F4xx_HAL_Driver/Src/stm32f4xx_hal_pwr.o
LOAD Drivers/STM32F4xx_HAL_Driver/Src/stm32f4xx_hal_pwr_ex.o
LOAD Drivers/STM32F4xx_HAL_Driver/Src/stm32f4xx_hal_rcc.o
LOAD Drivers/STM32F4xx_HAL_Driver/Src/stm32f4xx_hal_rcc_ex.o
LOAD Drivers/STM32F4xx_HAL_Driver/Src/stm32f4xx_hal_rtc.o
LOAD Drivers/STM32F4xx_HAL_Driver/Src/stm32f4xx_hal_rtc_ex.o
LOAD Drivers/STM32F4xx_HAL_Driver/Src/stm32f4xx_hal_tim.o
LOAD Drivers/STM32F4xx_HAL_Driver/Src/stm32f4xx_hal_tim_ex.o
LOAD Drivers/STM32F4xx_HAL_Driver/Src/stm32f4xx_hal_uart.o
START GROUP
LOAD /Applications/STM32CubeIDE.app/Contents/Eclipse/plugins/com.st.stm32cube.ide.mcu.externaltools.gnu-tools-for-stm32.9-2020-q2-update.macos64_1.5.0.202011040924/tools/bin/../lib/gcc/arm-none-eabi/9.3.1/../../../../arm-none-eabi/lib/thumb/v7e-m+fp/hard/libc_nano.a
LOAD /Applications/STM32CubeIDE.app/Contents/Eclipse/plugins/com.st.stm32cube.ide.mcu.externaltools.gnu-tools-for-stm32.9-2020-q2-update.macos64_1.5.0.202011040924/tools/bin/../lib/gcc/arm-none-eabi/9.3.1/../../../../arm-none-eabi/lib/thumb/v7e-m+fp/hard/libm.a
END GROUP
START GROUP
LOAD /Applications/STM32CubeIDE.app/Contents/Eclipse/plugins/com.st.stm32cube.ide.mcu.externaltools.gnu-tools-for-stm32.9-2020-q2-update.macos64_1.5.0.202011040924/tools/bin/../lib/gcc/arm-none-eabi/9.3.1/thumb/v7e-m+fp/hard/libgcc.a
LOAD /Applications/STM32CubeIDE.app/Contents/Eclipse/plugins/com.st.stm32cube.ide.mcu.externaltools.gnu-tools-for-stm32.9-2020-q2-update.macos64_1.5.0.202011040924/tools/bin/../lib/gcc/arm-none-eabi/9.3.1/../../../../arm-none-eabi/lib/thumb/v7e-m+fp/hard/libc_nano.a
END GROUP
START GROUP
LOAD /Applications/STM32CubeIDE.app/Contents/Eclipse/plugins/com.st.stm32cube.ide.mcu.externaltools.gnu-tools-for-stm32.9-2020-q2-update.macos64_1.5.0.202011040924/tools/bin/../lib/gcc/arm-none-eabi/9.3.1/thumb/v7e-m+fp/hard/libgcc.a
LOAD /Applications/STM32CubeIDE.app/Contents/Eclipse/plugins/com.st.stm32cube.ide.mcu.externaltools.gnu-tools-for-stm32.9-2020-q2-update.macos64_1.5.0.202011040924/tools/bin/../lib/gcc/arm-none-eabi/9.3.1/../../../../arm-none-eabi/lib/thumb/v7e-m+fp/hard/libc_nano.a
LOAD /Applications/STM32CubeIDE.app/Contents/Eclipse/plugins/com.st.stm32cube.ide.mcu.externaltools.gnu-tools-for-stm32.9-2020-q2-update.macos64_1.5.0.202011040924/tools/bin/../lib/gcc/arm-none-eabi/9.3.1/../../../../arm-none-eabi/lib/thumb/v7e-m+fp/hard/libnosys.a
END GROUP
START GROUP
LOAD /Applications/STM32CubeIDE.app/Contents/Eclipse/plugins/com.st.stm32cube.ide.mcu.externaltools.gnu-tools-for-stm32.9-2020-q2-update.macos64_1.5.0.202011040924/tools/bin/../lib/gcc/arm-none-eabi/9.3.1/thumb/v7e-m+fp/hard/libgcc.a
LOAD /Applications/STM32CubeIDE.app/Contents/Eclipse/plugins/com.st.stm32cube.ide.mcu.externaltools.gnu-tools-for-stm32.9-2020-q2-update.macos64_1.5.0.202011040924/tools/bin/../lib/gcc/arm-none-eabi/9.3.1/../../../../arm-none-eabi/lib/thumb/v7e-m+fp/hard/libc_nano.a
LOAD /Applications/STM32CubeIDE.app/Contents/Eclipse/plugins/com.st.stm32cube.ide.mcu.externaltools.gnu-tools-for-stm32.9-2020-q2-update.macos64_1.5.0.202011040924/tools/bin/../lib/gcc/arm-none-eabi/9.3.1/../../../../arm-none-eabi/lib/thumb/v7e-m+fp/hard/libnosys.a
END GROUP
LOAD /Applications/STM32CubeIDE.app/Contents/Eclipse/plugins/com.st.stm32cube.ide.mcu.externaltools.gnu-tools-for-stm32.9-2020-q2-update.macos64_1.5.0.202011040924/tools/bin/../lib/gcc/arm-none-eabi/9.3.1/thumb/v7e-m+fp/hard/crtend.o
LOAD /Applications/STM32CubeIDE.app/Contents/Eclipse/plugins/com.st.stm32cube.ide.mcu.externaltools.gnu-tools-for-stm32.9-2020-q2-update.macos64_1.5.0.202011040924/tools/bin/../lib/gcc/arm-none-eabi/9.3.1/thumb/v7e-m+fp/hard/crtn.o
                0x0000000020020000                _estack = (ORIGIN (RAM) + LENGTH (RAM))
                0x0000000000000200                _Min_Heap_Size = 0x200
                0x0000000000000400                _Min_Stack_Size = 0x400

.isr_vector     0x0000000008000000      0x188
                0x0000000008000000                . = ALIGN (0x4)
 *(.isr_vector)
 .isr_vector    0x0000000008000000      0x188 Core/Startup/startup_stm32f407zetx.o
                0x0000000008000000                g_pfnVectors
                0x0000000008000188                . = ALIGN (0x4)

.text           0x0000000008000190     0x4d30
                0x0000000008000190                . = ALIGN (0x4)
 *(.text)
 .text          0x0000000008000190       0x40 /Applications/STM32CubeIDE.app/Contents/Eclipse/plugins/com.st.stm32cube.ide.mcu.externaltools.gnu-tools-for-stm32.9-2020-q2-update.macos64_1.5.0.202011040924/tools/bin/../lib/gcc/arm-none-eabi/9.3.1/thumb/v7e-m+fp/hard/crtbegin.o
 .text          0x00000000080001d0       0x10 /Applications/STM32CubeIDE.app/Contents/Eclipse/plugins/com.st.stm32cube.ide.mcu.externaltools.gnu-tools-for-stm32.9-2020-q2-update.macos64_1.5.0.202011040924/tools/bin/../lib/gcc/arm-none-eabi/9.3.1/../../../../arm-none-eabi/lib/thumb/v7e-m+fp/hard/libc_nano.a(lib_a-strlen.o)
                0x00000000080001d0                strlen
 .text          0x00000000080001e0       0xa0 /Applications/STM32CubeIDE.app/Contents/Eclipse/plugins/com.st.stm32cube.ide.mcu.externaltools.gnu-tools-for-stm32.9-2020-q2-update.macos64_1.5.0.202011040924/tools/bin/../lib/gcc/arm-none-eabi/9.3.1/../../../../arm-none-eabi/lib/thumb/v7e-m+fp/hard/libc_nano.a(lib_a-memchr.o)
                0x00000000080001e0                memchr
 .text          0x0000000008000280      0x378 /Applications/STM32CubeIDE.app/Contents/Eclipse/plugins/com.st.stm32cube.ide.mcu.externaltools.gnu-tools-for-stm32.9-2020-q2-update.macos64_1.5.0.202011040924/tools/bin/../lib/gcc/arm-none-eabi/9.3.1/thumb/v7e-m+fp/hard/libgcc.a(_arm_addsubdf3.o)
                0x0000000008000280                __aeabi_drsub
                0x0000000008000288                __subdf3
                0x0000000008000288                __aeabi_dsub
                0x000000000800028c                __aeabi_dadd
                0x000000000800028c                __adddf3
                0x0000000008000504                __aeabi_ui2d
                0x0000000008000504                __floatunsidf
                0x0000000008000524                __floatsidf
                0x0000000008000524                __aeabi_i2d
                0x0000000008000548                __extendsfdf2
                0x0000000008000548                __aeabi_f2d
                0x000000000800058c                __aeabi_ul2d
                0x000000000800058c                __floatundidf
                0x000000000800059c                __aeabi_l2d
                0x000000000800059c                __floatdidf
 .text          0x00000000080005f8       0x40 /Applications/STM32CubeIDE.app/Contents/Eclipse/plugins/com.st.stm32cube.ide.mcu.externaltools.gnu-tools-for-stm32.9-2020-q2-update.macos64_1.5.0.202011040924/tools/bin/../lib/gcc/arm-none-eabi/9.3.1/thumb/v7e-m+fp/hard/libgcc.a(_arm_fixunsdfsi.o)
                0x00000000080005f8                __fixunsdfsi
                0x00000000080005f8                __aeabi_d2uiz
 .text          0x0000000008000638       0x30 /Applications/STM32CubeIDE.app/Contents/Eclipse/plugins/com.st.stm32cube.ide.mcu.externaltools.gnu-tools-for-stm32.9-2020-q2-update.macos64_1.5.0.202011040924/tools/bin/../lib/gcc/arm-none-eabi/9.3.1/thumb/v7e-m+fp/hard/libgcc.a(_aeabi_uldivmod.o)
                0x0000000008000638                __aeabi_uldivmod
 .text          0x0000000008000668      0x2c4 /Applications/STM32CubeIDE.app/Contents/Eclipse/plugins/com.st.stm32cube.ide.mcu.externaltools.gnu-tools-for-stm32.9-2020-q2-update.macos64_1.5.0.202011040924/tools/bin/../lib/gcc/arm-none-eabi/9.3.1/thumb/v7e-m+fp/hard/libgcc.a(_udivmoddi4.o)
                0x0000000008000668                __udivmoddi4
 .text          0x000000000800092c        0x4 /Applications/STM32CubeIDE.app/Contents/Eclipse/plugins/com.st.stm32cube.ide.mcu.externaltools.gnu-tools-for-stm32.9-2020-q2-update.macos64_1.5.0.202011040924/tools/bin/../lib/gcc/arm-none-eabi/9.3.1/thumb/v7e-m+fp/hard/libgcc.a(_dvmd_tls.o)
                0x000000000800092c                __aeabi_ldiv0
                0x000000000800092c                __aeabi_idiv0
 *(.text*)
 .text.TurnHexIntoDec
                0x0000000008000930       0x32 Core/Src/main.o
                0x0000000008000930                TurnHexIntoDec
 *fill*         0x0000000008000962        0x2 
 .text.TurnDecIntoHex
                0x0000000008000964       0x58 Core/Src/main.o
                0x0000000008000964                TurnDecIntoHex
 .text.HappyToggling
                0x00000000080009bc       0x44 Core/Src/main.o
                0x00000000080009bc                HappyToggling
 .text.SetTime  0x0000000008000a00       0x70 Core/Src/main.o
                0x0000000008000a00                SetTime
 .text.SetAlarmFunc
                0x0000000008000a70       0x94 Core/Src/main.o
                0x0000000008000a70                SetAlarmFunc
 .text.GetTimeDate
                0x0000000008000b04       0x74 Core/Src/main.o
                0x0000000008000b04                GetTimeDate
 .text.HAL_RTC_AlarmAEventCallback
                0x0000000008000b78       0x20 Core/Src/main.o
                0x0000000008000b78                HAL_RTC_AlarmAEventCallback
 .text.IsAlarmSetBeforeNow
                0x0000000008000b98       0xb0 Core/Src/main.o
                0x0000000008000b98                IsAlarmSetBeforeNow
 .text.IsNewAlarmMoreForward
                0x0000000008000c48       0xc8 Core/Src/main.o
                0x0000000008000c48                IsNewAlarmMoreForward
 .text.Rewind5Sec
                0x0000000008000d10       0x84 Core/Src/main.o
                0x0000000008000d10                Rewind5Sec
 .text.Forwardd5Sec
                0x0000000008000d94       0x84 Core/Src/main.o
                0x0000000008000d94                Forwardd5Sec
 .text.OpenTheDoor
                0x0000000008000e18       0x2c Core/Src/main.o
                0x0000000008000e18                OpenTheDoor
 .text.ToDoOnAlarm
                0x0000000008000e44       0x12 Core/Src/main.o
                0x0000000008000e44                ToDoOnAlarm
 *fill*         0x0000000008000e56        0x2 
 .text.main     0x0000000008000e58      0x1b4 Core/Src/main.o
                0x0000000008000e58                main
 .text.SystemClock_Config
                0x000000000800100c       0xec Core/Src/main.o
                0x000000000800100c                SystemClock_Config
 .text.MX_RTC_Init
                0x00000000080010f8       0x4c Core/Src/main.o
 .text.MX_USART1_UART_Init
                0x0000000008001144       0x54 Core/Src/main.o
 .text.MX_GPIO_Init
                0x0000000008001198      0x168 Core/Src/main.o
 .text.Error_Handler
                0x0000000008001300        0xa Core/Src/main.o
                0x0000000008001300                Error_Handler
 *fill*         0x000000000800130a        0x2 
 .text.HAL_MspInit
                0x000000000800130c       0x50 Core/Src/stm32f4xx_hal_msp.o
                0x000000000800130c                HAL_MspInit
 .text.HAL_RTC_MspInit
                0x000000000800135c       0x38 Core/Src/stm32f4xx_hal_msp.o
                0x000000000800135c                HAL_RTC_MspInit
 .text.HAL_RTC_MspDeInit
                0x0000000008001394       0x30 Core/Src/stm32f4xx_hal_msp.o
                0x0000000008001394                HAL_RTC_MspDeInit
 .text.HAL_UART_MspInit
                0x00000000080013c4       0xa0 Core/Src/stm32f4xx_hal_msp.o
                0x00000000080013c4                HAL_UART_MspInit
 .text.NMI_Handler
                0x0000000008001464        0x6 Core/Src/stm32f4xx_it.o
                0x0000000008001464                NMI_Handler
 .text.HardFault_Handler
                0x000000000800146a        0x6 Core/Src/stm32f4xx_it.o
                0x000000000800146a                HardFault_Handler
 .text.MemManage_Handler
                0x0000000008001470        0x6 Core/Src/stm32f4xx_it.o
                0x0000000008001470                MemManage_Handler
 .text.BusFault_Handler
                0x0000000008001476        0x6 Core/Src/stm32f4xx_it.o
                0x0000000008001476                BusFault_Handler
 .text.UsageFault_Handler
                0x000000000800147c        0x6 Core/Src/stm32f4xx_it.o
                0x000000000800147c                UsageFault_Handler
 .text.SVC_Handler
                0x0000000008001482        0xe Core/Src/stm32f4xx_it.o
                0x0000000008001482                SVC_Handler
 .text.DebugMon_Handler
                0x0000000008001490        0xe Core/Src/stm32f4xx_it.o
                0x0000000008001490                DebugMon_Handler
 .text.PendSV_Handler
                0x000000000800149e        0xe Core/Src/stm32f4xx_it.o
                0x000000000800149e                PendSV_Handler
 .text.SysTick_Handler
                0x00000000080014ac        0xc Core/Src/stm32f4xx_it.o
                0x00000000080014ac                SysTick_Handler
 .text.EXTI3_IRQHandler
                0x00000000080014b8       0x3c Core/Src/stm32f4xx_it.o
                0x00000000080014b8                EXTI3_IRQHandler
 .text.EXTI4_IRQHandler
                0x00000000080014f4       0x3c Core/Src/stm32f4xx_it.o
                0x00000000080014f4                EXTI4_IRQHandler
 .text.USART1_IRQHandler
                0x0000000008001530      0x224 Core/Src/stm32f4xx_it.o
                0x0000000008001530                USART1_IRQHandler
 .text.RTC_Alarm_IRQHandler
                0x0000000008001754       0x14 Core/Src/stm32f4xx_it.o
                0x0000000008001754                RTC_Alarm_IRQHandler
 .text._sbrk    0x0000000008001768       0x6c Core/Src/sysmem.o
                0x0000000008001768                _sbrk
 .text.SystemInit
                0x00000000080017d4       0x2c Core/Src/system_stm32f4xx.o
                0x00000000080017d4                SystemInit
 .text.Reset_Handler
                0x0000000008001800       0x50 Core/Startup/startup_stm32f407zetx.o
                0x0000000008001800                Reset_Handler
 .text.Default_Handler
                0x0000000008001850        0x2 Core/Startup/startup_stm32f407zetx.o
                0x0000000008001850                DMA1_Stream3_IRQHandler
                0x0000000008001850                EXTI2_IRQHandler
                0x0000000008001850                TIM8_CC_IRQHandler
                0x0000000008001850                TIM1_CC_IRQHandler
                0x0000000008001850                DMA2_Stream5_IRQHandler
                0x0000000008001850                DMA1_Stream5_IRQHandler
                0x0000000008001850                PVD_IRQHandler
                0x0000000008001850                SDIO_IRQHandler
                0x0000000008001850                TAMP_STAMP_IRQHandler
                0x0000000008001850                CAN2_RX1_IRQHandler
                0x0000000008001850                TIM8_TRG_COM_TIM14_IRQHandler
                0x0000000008001850                TIM1_UP_TIM10_IRQHandler
                0x0000000008001850                TIM8_UP_TIM13_IRQHandler
                0x0000000008001850                I2C3_ER_IRQHandler
                0x0000000008001850                EXTI0_IRQHandler
                0x0000000008001850                I2C2_EV_IRQHandler
                0x0000000008001850                DMA1_Stream2_IRQHandler
                0x0000000008001850                CAN1_RX0_IRQHandler
                0x0000000008001850                FPU_IRQHandler
                0x0000000008001850                OTG_HS_WKUP_IRQHandler
                0x0000000008001850                CAN2_SCE_IRQHandler
                0x0000000008001850                DMA2_Stream2_IRQHandler
                0x0000000008001850                SPI1_IRQHandler
                0x0000000008001850                TIM6_DAC_IRQHandler
                0x0000000008001850                TIM1_BRK_TIM9_IRQHandler
                0x0000000008001850                DCMI_IRQHandler
                0x0000000008001850                CAN2_RX0_IRQHandler
                0x0000000008001850                DMA2_Stream3_IRQHandler
                0x0000000008001850                USART6_IRQHandler
                0x0000000008001850                USART3_IRQHandler
                0x0000000008001850                CAN1_RX1_IRQHandler
                0x0000000008001850                UART5_IRQHandler
                0x0000000008001850                DMA2_Stream0_IRQHandler
                0x0000000008001850                TIM4_IRQHandler
                0x0000000008001850                I2C1_EV_IRQHandler
                0x0000000008001850                DMA1_Stream6_IRQHandler
                0x0000000008001850                DMA1_Stream1_IRQHandler
                0x0000000008001850                UART4_IRQHandler
                0x0000000008001850                TIM3_IRQHandler
                0x0000000008001850                RCC_IRQHandler
                0x0000000008001850                TIM8_BRK_TIM12_IRQHandler
                0x0000000008001850                Default_Handler
                0x0000000008001850                EXTI15_10_IRQHandler
                0x0000000008001850                ADC_IRQHandler
                0x0000000008001850                DMA1_Stream7_IRQHandler
                0x0000000008001850                TIM7_IRQHandler
                0x0000000008001850                CAN2_TX_IRQHandler
                0x0000000008001850                TIM5_IRQHandler
                0x0000000008001850                DMA2_Stream7_IRQHandler
                0x0000000008001850                I2C3_EV_IRQHandler
                0x0000000008001850                EXTI9_5_IRQHandler
                0x0000000008001850                RTC_WKUP_IRQHandler
                0x0000000008001850                ETH_WKUP_IRQHandler
                0x0000000008001850                SPI2_IRQHandler
                0x0000000008001850                OTG_HS_EP1_IN_IRQHandler
                0x0000000008001850                DMA1_Stream0_IRQHandler
                0x0000000008001850                CAN1_TX_IRQHandler
                0x0000000008001850                FSMC_IRQHandler
                0x0000000008001850                ETH_IRQHandler
                0x0000000008001850                OTG_HS_EP1_OUT_IRQHandler
                0x0000000008001850                WWDG_IRQHandler
                0x0000000008001850                TIM2_IRQHandler
                0x0000000008001850                OTG_FS_WKUP_IRQHandler
                0x0000000008001850                TIM1_TRG_COM_TIM11_IRQHandler
                0x0000000008001850                OTG_HS_IRQHandler
                0x0000000008001850                EXTI1_IRQHandler
                0x0000000008001850                USART2_IRQHandler
                0x0000000008001850                I2C2_ER_IRQHandler
                0x0000000008001850                DMA2_Stream1_IRQHandler
                0x0000000008001850                CAN1_SCE_IRQHandler
                0x0000000008001850                FLASH_IRQHandler
                0x0000000008001850                DMA2_Stream4_IRQHandler
                0x0000000008001850                OTG_FS_IRQHandler
                0x0000000008001850                SPI3_IRQHandler
                0x0000000008001850                DMA1_Stream4_IRQHandler
                0x0000000008001850                I2C1_ER_IRQHandler
                0x0000000008001850                DMA2_Stream6_IRQHandler
                0x0000000008001850                HASH_RNG_IRQHandler
 *fill*         0x0000000008001852        0x2 
 .text.HAL_Init
                0x0000000008001854       0x44 Drivers/STM32F4xx_HAL_Driver/Src/stm32f4xx_hal.o
                0x0000000008001854                HAL_Init
 .text.HAL_InitTick
                0x0000000008001898       0x60 Drivers/STM32F4xx_HAL_Driver/Src/stm32f4xx_hal.o
                0x0000000008001898                HAL_InitTick
 .text.HAL_IncTick
                0x00000000080018f8       0x28 Drivers/STM32F4xx_HAL_Driver/Src/stm32f4xx_hal.o
                0x00000000080018f8                HAL_IncTick
 .text.HAL_GetTick
                0x0000000008001920       0x18 Drivers/STM32F4xx_HAL_Driver/Src/stm32f4xx_hal.o
                0x0000000008001920                HAL_GetTick
 .text.HAL_Delay
                0x0000000008001938       0x48 Drivers/STM32F4xx_HAL_Driver/Src/stm32f4xx_hal.o
                0x0000000008001938                HAL_Delay
 .text.__NVIC_SetPriorityGrouping
                0x0000000008001980       0x48 Drivers/STM32F4xx_HAL_Driver/Src/stm32f4xx_hal_cortex.o
 .text.__NVIC_GetPriorityGrouping
                0x00000000080019c8       0x1c Drivers/STM32F4xx_HAL_Driver/Src/stm32f4xx_hal_cortex.o
 .text.__NVIC_EnableIRQ
                0x00000000080019e4       0x3c Drivers/STM32F4xx_HAL_Driver/Src/stm32f4xx_hal_cortex.o
 .text.__NVIC_DisableIRQ
                0x0000000008001a20       0x48 Drivers/STM32F4xx_HAL_Driver/Src/stm32f4xx_hal_cortex.o
 .text.__NVIC_SetPriority
                0x0000000008001a68       0x54 Drivers/STM32F4xx_HAL_Driver/Src/stm32f4xx_hal_cortex.o
 .text.NVIC_EncodePriority
                0x0000000008001abc       0x66 Drivers/STM32F4xx_HAL_Driver/Src/stm32f4xx_hal_cortex.o
 *fill*         0x0000000008001b22        0x2 
 .text.SysTick_Config
                0x0000000008001b24       0x44 Drivers/STM32F4xx_HAL_Driver/Src/stm32f4xx_hal_cortex.o
 .text.HAL_NVIC_SetPriorityGrouping
                0x0000000008001b68       0x16 Drivers/STM32F4xx_HAL_Driver/Src/stm32f4xx_hal_cortex.o
                0x0000000008001b68                HAL_NVIC_SetPriorityGrouping
 .text.HAL_NVIC_SetPriority
                0x0000000008001b7e       0x38 Drivers/STM32F4xx_HAL_Driver/Src/stm32f4xx_hal_cortex.o
                0x0000000008001b7e                HAL_NVIC_SetPriority
 .text.HAL_NVIC_EnableIRQ
                0x0000000008001bb6       0x1c Drivers/STM32F4xx_HAL_Driver/Src/stm32f4xx_hal_cortex.o
                0x0000000008001bb6                HAL_NVIC_EnableIRQ
 .text.HAL_NVIC_DisableIRQ
                0x0000000008001bd2       0x1c Drivers/STM32F4xx_HAL_Driver/Src/stm32f4xx_hal_cortex.o
                0x0000000008001bd2                HAL_NVIC_DisableIRQ
 .text.HAL_SYSTICK_Config
                0x0000000008001bee       0x18 Drivers/STM32F4xx_HAL_Driver/Src/stm32f4xx_hal_cortex.o
                0x0000000008001bee                HAL_SYSTICK_Config
 .text.HAL_DMA_Abort
                0x0000000008001c06       0xe0 Drivers/STM32F4xx_HAL_Driver/Src/stm32f4xx_hal_dma.o
                0x0000000008001c06                HAL_DMA_Abort
 .text.HAL_DMA_Abort_IT
                0x0000000008001ce6       0x44 Drivers/STM32F4xx_HAL_Driver/Src/stm32f4xx_hal_dma.o
                0x0000000008001ce6                HAL_DMA_Abort_IT
 *fill*         0x0000000008001d2a        0x2 
 .text.HAL_GPIO_Init
                0x0000000008001d2c      0x338 Drivers/STM32F4xx_HAL_Driver/Src/stm32f4xx_hal_gpio.o
                0x0000000008001d2c                HAL_GPIO_Init
 .text.HAL_GPIO_WritePin
                0x0000000008002064       0x32 Drivers/STM32F4xx_HAL_Driver/Src/stm32f4xx_hal_gpio.o
                0x0000000008002064                HAL_GPIO_WritePin
 .text.HAL_GPIO_TogglePin
                0x0000000008002096       0x34 Drivers/STM32F4xx_HAL_Driver/Src/stm32f4xx_hal_gpio.o
                0x0000000008002096                HAL_GPIO_TogglePin
 *fill*         0x00000000080020ca        0x2 
 .text.HAL_GPIO_EXTI_IRQHandler
                0x00000000080020cc       0x30 Drivers/STM32F4xx_HAL_Driver/Src/stm32f4xx_hal_gpio.o
                0x00000000080020cc                HAL_GPIO_EXTI_IRQHandler
 .text.HAL_GPIO_EXTI_Callback
                0x00000000080020fc       0x16 Drivers/STM32F4xx_HAL_Driver/Src/stm32f4xx_hal_gpio.o
                0x00000000080020fc                HAL_GPIO_EXTI_Callback
 *fill*         0x0000000008002112        0x2 
 .text.HAL_RCC_OscConfig
                0x0000000008002114      0x4f0 Drivers/STM32F4xx_HAL_Driver/Src/stm32f4xx_hal_rcc.o
                0x0000000008002114                HAL_RCC_OscConfig
 .text.HAL_RCC_ClockConfig
                0x0000000008002604      0x1cc Drivers/STM32F4xx_HAL_Driver/Src/stm32f4xx_hal_rcc.o
                0x0000000008002604                HAL_RCC_ClockConfig
 .text.HAL_RCC_GetSysClockFreq
                0x00000000080027d0      0x1c4 Drivers/STM32F4xx_HAL_Driver/Src/stm32f4xx_hal_rcc.o
                0x00000000080027d0                HAL_RCC_GetSysClockFreq
 .text.HAL_RCC_GetHCLKFreq
                0x0000000008002994       0x18 Drivers/STM32F4xx_HAL_Driver/Src/stm32f4xx_hal_rcc.o
                0x0000000008002994                HAL_RCC_GetHCLKFreq
 .text.HAL_RCC_GetPCLK1Freq
                0x00000000080029ac       0x28 Drivers/STM32F4xx_HAL_Driver/Src/stm32f4xx_hal_rcc.o
                0x00000000080029ac                HAL_RCC_GetPCLK1Freq
 .text.HAL_RCC_GetPCLK2Freq
                0x00000000080029d4       0x28 Drivers/STM32F4xx_HAL_Driver/Src/stm32f4xx_hal_rcc.o
                0x00000000080029d4                HAL_RCC_GetPCLK2Freq
 .text.HAL_RCCEx_PeriphCLKConfig
                0x00000000080029fc      0x1c4 Drivers/STM32F4xx_HAL_Driver/Src/stm32f4xx_hal_rcc_ex.o
                0x00000000080029fc                HAL_RCCEx_PeriphCLKConfig
 .text.HAL_RTC_Init
                0x0000000008002bc0      0x184 Drivers/STM32F4xx_HAL_Driver/Src/stm32f4xx_hal_rtc.o
                0x0000000008002bc0                HAL_RTC_Init
 .text.HAL_RTC_SetTime
                0x0000000008002d44      0x17a Drivers/STM32F4xx_HAL_Driver/Src/stm32f4xx_hal_rtc.o
                0x0000000008002d44                HAL_RTC_SetTime
 .text.HAL_RTC_GetTime
                0x0000000008002ebe       0xbc Drivers/STM32F4xx_HAL_Driver/Src/stm32f4xx_hal_rtc.o
                0x0000000008002ebe                HAL_RTC_GetTime
 .text.HAL_RTC_SetDate
                0x0000000008002f7a      0x14e Drivers/STM32F4xx_HAL_Driver/Src/stm32f4xx_hal_rtc.o
                0x0000000008002f7a                HAL_RTC_SetDate
 .text.HAL_RTC_GetDate
                0x00000000080030c8       0x9e Drivers/STM32F4xx_HAL_Driver/Src/stm32f4xx_hal_rtc.o
                0x00000000080030c8                HAL_RTC_GetDate
 *fill*         0x0000000008003166        0x2 
 .text.HAL_RTC_SetAlarm_IT
                0x0000000008003168      0x270 Drivers/STM32F4xx_HAL_Driver/Src/stm32f4xx_hal_rtc.o
                0x0000000008003168                HAL_RTC_SetAlarm_IT
 .text.HAL_RTC_GetAlarm
                0x00000000080033d8      0x11e Drivers/STM32F4xx_HAL_Driver/Src/stm32f4xx_hal_rtc.o
                0x00000000080033d8                HAL_RTC_GetAlarm
 *fill*         0x00000000080034f6        0x2 
 .text.HAL_RTC_AlarmIRQHandler
                0x00000000080034f8       0x90 Drivers/STM32F4xx_HAL_Driver/Src/stm32f4xx_hal_rtc.o
                0x00000000080034f8                HAL_RTC_AlarmIRQHandler
 .text.HAL_RTC_WaitForSynchro
                0x0000000008003588       0x50 Drivers/STM32F4xx_HAL_Driver/Src/stm32f4xx_hal_rtc.o
                0x0000000008003588                HAL_RTC_WaitForSynchro
 .text.RTC_EnterInitMode
                0x00000000080035d8       0x58 Drivers/STM32F4xx_HAL_Driver/Src/stm32f4xx_hal_rtc.o
                0x00000000080035d8                RTC_EnterInitMode
 .text.RTC_ByteToBcd2
                0x0000000008003630       0x3c Drivers/STM32F4xx_HAL_Driver/Src/stm32f4xx_hal_rtc.o
                0x0000000008003630                RTC_ByteToBcd2
 .text.RTC_Bcd2ToByte
                0x000000000800366c       0x3c Drivers/STM32F4xx_HAL_Driver/Src/stm32f4xx_hal_rtc.o
                0x000000000800366c                RTC_Bcd2ToByte
 .text.HAL_RTCEx_TimeStampEventCallback
                0x00000000080036a8       0x14 Drivers/STM32F4xx_HAL_Driver/Src/stm32f4xx_hal_rtc_ex.o
                0x00000000080036a8                HAL_RTCEx_TimeStampEventCallback
 .text.HAL_RTCEx_Tamper1EventCallback
                0x00000000080036bc       0x14 Drivers/STM32F4xx_HAL_Driver/Src/stm32f4xx_hal_rtc_ex.o
                0x00000000080036bc                HAL_RTCEx_Tamper1EventCallback
 .text.HAL_RTCEx_Tamper2EventCallback
                0x00000000080036d0       0x14 Drivers/STM32F4xx_HAL_Driver/Src/stm32f4xx_hal_rtc_ex.o
                0x00000000080036d0                HAL_RTCEx_Tamper2EventCallback
 .text.HAL_RTCEx_WakeUpTimerEventCallback
                0x00000000080036e4       0x14 Drivers/STM32F4xx_HAL_Driver/Src/stm32f4xx_hal_rtc_ex.o
                0x00000000080036e4                HAL_RTCEx_WakeUpTimerEventCallback
 .text.HAL_RTCEx_BKUPWrite
                0x00000000080036f8       0x34 Drivers/STM32F4xx_HAL_Driver/Src/stm32f4xx_hal_rtc_ex.o
                0x00000000080036f8                HAL_RTCEx_BKUPWrite
 .text.HAL_RTCEx_BKUPRead
                0x000000000800372c       0x30 Drivers/STM32F4xx_HAL_Driver/Src/stm32f4xx_hal_rtc_ex.o
                0x000000000800372c                HAL_RTCEx_BKUPRead
 .text.HAL_RTCEx_AlarmBEventCallback
                0x000000000800375c       0x14 Drivers/STM32F4xx_HAL_Driver/Src/stm32f4xx_hal_rtc_ex.o
                0x000000000800375c                HAL_RTCEx_AlarmBEventCallback
 .text.HAL_UART_Init
                0x0000000008003770       0x9a Drivers/STM32F4xx_HAL_Driver/Src/stm32f4xx_hal_uart.o
                0x0000000008003770                HAL_UART_Init
 .text.HAL_UART_Transmit
                0x000000000800380a      0x124 Drivers/STM32F4xx_HAL_Driver/Src/stm32f4xx_hal_uart.o
                0x000000000800380a                HAL_UART_Transmit
 .text.HAL_UART_Receive
                0x000000000800392e      0x144 Drivers/STM32F4xx_HAL_Driver/Src/stm32f4xx_hal_uart.o
                0x000000000800392e                HAL_UART_Receive
 *fill*         0x0000000008003a72        0x2 
 .text.HAL_UART_IRQHandler
                0x0000000008003a74      0x358 Drivers/STM32F4xx_HAL_Driver/Src/stm32f4xx_hal_uart.o
                0x0000000008003a74                HAL_UART_IRQHandler
 .text.HAL_UART_TxCpltCallback
                0x0000000008003dcc       0x14 Drivers/STM32F4xx_HAL_Driver/Src/stm32f4xx_hal_uart.o
                0x0000000008003dcc                HAL_UART_TxCpltCallback
 .text.HAL_UART_RxCpltCallback
                0x0000000008003de0       0x14 Drivers/STM32F4xx_HAL_Driver/Src/stm32f4xx_hal_uart.o
                0x0000000008003de0                HAL_UART_RxCpltCallback
 .text.HAL_UART_ErrorCallback
                0x0000000008003df4       0x14 Drivers/STM32F4xx_HAL_Driver/Src/stm32f4xx_hal_uart.o
                0x0000000008003df4                HAL_UART_ErrorCallback
 .text.HAL_UARTEx_RxEventCallback
                0x0000000008003e08       0x18 Drivers/STM32F4xx_HAL_Driver/Src/stm32f4xx_hal_uart.o
                0x0000000008003e08                HAL_UARTEx_RxEventCallback
 .text.UART_WaitOnFlagUntilTimeout
                0x0000000008003e20       0x94 Drivers/STM32F4xx_HAL_Driver/Src/stm32f4xx_hal_uart.o
 .text.UART_EndRxTransfer
                0x0000000008003eb4       0x5a Drivers/STM32F4xx_HAL_Driver/Src/stm32f4xx_hal_uart.o
 .text.UART_DMAAbortOnError
                0x0000000008003f0e       0x28 Drivers/STM32F4xx_HAL_Driver/Src/stm32f4xx_hal_uart.o
 .text.UART_Transmit_IT
                0x0000000008003f36       0xa0 Drivers/STM32F4xx_HAL_Driver/Src/stm32f4xx_hal_uart.o
 .text.UART_EndTransmit_IT
                0x0000000008003fd6       0x30 Drivers/STM32F4xx_HAL_Driver/Src/stm32f4xx_hal_uart.o
 .text.UART_Receive_IT
                0x0000000008004006      0x12e Drivers/STM32F4xx_HAL_Driver/Src/stm32f4xx_hal_uart.o
 .text.UART_SetConfig
                0x0000000008004134      0x390 Drivers/STM32F4xx_HAL_Driver/Src/stm32f4xx_hal_uart.o
 .text.atoi     0x00000000080044c4        0x8 /Applications/STM32CubeIDE.app/Contents/Eclipse/plugins/com.st.stm32cube.ide.mcu.externaltools.gnu-tools-for-stm32.9-2020-q2-update.macos64_1.5.0.202011040924/tools/bin/../lib/gcc/arm-none-eabi/9.3.1/../../../../arm-none-eabi/lib/thumb/v7e-m+fp/hard/libc_nano.a(lib_a-atoi.o)
                0x00000000080044c4                atoi
 .text.__errno  0x00000000080044cc        0xc /Applications/STM32CubeIDE.app/Contents/Eclipse/plugins/com.st.stm32cube.ide.mcu.externaltools.gnu-tools-for-stm32.9-2020-q2-update.macos64_1.5.0.202011040924/tools/bin/../lib/gcc/arm-none-eabi/9.3.1/../../../../arm-none-eabi/lib/thumb/v7e-m+fp/hard/libc_nano.a(lib_a-errno.o)
                0x00000000080044cc                __errno
 .text.__libc_init_array
                0x00000000080044d8       0x48 /Applications/STM32CubeIDE.app/Contents/Eclipse/plugins/com.st.stm32cube.ide.mcu.externaltools.gnu-tools-for-stm32.9-2020-q2-update.macos64_1.5.0.202011040924/tools/bin/../lib/gcc/arm-none-eabi/9.3.1/../../../../arm-none-eabi/lib/thumb/v7e-m+fp/hard/libc_nano.a(lib_a-init.o)
                0x00000000080044d8                __libc_init_array
 .text.memset   0x0000000008004520       0x10 /Applications/STM32CubeIDE.app/Contents/Eclipse/plugins/com.st.stm32cube.ide.mcu.externaltools.gnu-tools-for-stm32.9-2020-q2-update.macos64_1.5.0.202011040924/tools/bin/../lib/gcc/arm-none-eabi/9.3.1/../../../../arm-none-eabi/lib/thumb/v7e-m+fp/hard/libc_nano.a(lib_a-memset.o)
                0x0000000008004520                memset
 .text.sprintf  0x0000000008004530       0x40 /Applications/STM32CubeIDE.app/Contents/Eclipse/plugins/com.st.stm32cube.ide.mcu.externaltools.gnu-tools-for-stm32.9-2020-q2-update.macos64_1.5.0.202011040924/tools/bin/../lib/gcc/arm-none-eabi/9.3.1/../../../../arm-none-eabi/lib/thumb/v7e-m+fp/hard/libc_nano.a(lib_a-sprintf.o)
                0x0000000008004530                sprintf
                0x0000000008004530                siprintf
 .text._strtol_l.isra.0
                0x0000000008004570      0x108 /Applications/STM32CubeIDE.app/Contents/Eclipse/plugins/com.st.stm32cube.ide.mcu.externaltools.gnu-tools-for-stm32.9-2020-q2-update.macos64_1.5.0.202011040924/tools/bin/../lib/gcc/arm-none-eabi/9.3.1/../../../../arm-none-eabi/lib/thumb/v7e-m+fp/hard/libc_nano.a(lib_a-strtol.o)
 .text.strtol   0x0000000008004678       0x14 /Applications/STM32CubeIDE.app/Contents/Eclipse/plugins/com.st.stm32cube.ide.mcu.externaltools.gnu-tools-for-stm32.9-2020-q2-update.macos64_1.5.0.202011040924/tools/bin/../lib/gcc/arm-none-eabi/9.3.1/../../../../arm-none-eabi/lib/thumb/v7e-m+fp/hard/libc_nano.a(lib_a-strtol.o)
                0x0000000008004678                strtol
 .text.__ssputs_r
                0x000000000800468c       0xb6 /Applications/STM32CubeIDE.app/Contents/Eclipse/plugins/com.st.stm32cube.ide.mcu.externaltools.gnu-tools-for-stm32.9-2020-q2-update.macos64_1.5.0.202011040924/tools/bin/../lib/gcc/arm-none-eabi/9.3.1/../../../../arm-none-eabi/lib/thumb/v7e-m+fp/hard/libc_nano.a(lib_a-nano-svfprintf.o)
                0x000000000800468c                __ssputs_r
 *fill*         0x0000000008004742        0x2 
 .text._svfprintf_r
                0x0000000008004744      0x200 /Applications/STM32CubeIDE.app/Contents/Eclipse/plugins/com.st.stm32cube.ide.mcu.externaltools.gnu-tools-for-stm32.9-2020-q2-update.macos64_1.5.0.202011040924/tools/bin/../lib/gcc/arm-none-eabi/9.3.1/../../../../arm-none-eabi/lib/thumb/v7e-m+fp/hard/libc_nano.a(lib_a-nano-svfprintf.o)
                0x0000000008004744                _svfprintf_r
                0x0000000008004744                _svfiprintf_r
 .text._printf_common
                0x0000000008004944       0xda /Applications/STM32CubeIDE.app/Contents/Eclipse/plugins/com.st.stm32cube.ide.mcu.externaltools.gnu-tools-for-stm32.9-2020-q2-update.macos64_1.5.0.202011040924/tools/bin/../lib/gcc/arm-none-eabi/9.3.1/../../../../arm-none-eabi/lib/thumb/v7e-m+fp/hard/libc_nano.a(lib_a-nano-vfprintf_i.o)
                0x0000000008004944                _printf_common
 *fill*         0x0000000008004a1e        0x2 
 .text._printf_i
                0x0000000008004a20      0x24c /Applications/STM32CubeIDE.app/Contents/Eclipse/plugins/com.st.stm32cube.ide.mcu.externaltools.gnu-tools-for-stm32.9-2020-q2-update.macos64_1.5.0.202011040924/tools/bin/../lib/gcc/arm-none-eabi/9.3.1/../../../../arm-none-eabi/lib/thumb/v7e-m+fp/hard/libc_nano.a(lib_a-nano-vfprintf_i.o)
                0x0000000008004a20                _printf_i
 .text.memcpy   0x0000000008004c6c       0x1c /Applications/STM32CubeIDE.app/Contents/Eclipse/plugins/com.st.stm32cube.ide.mcu.externaltools.gnu-tools-for-stm32.9-2020-q2-update.macos64_1.5.0.202011040924/tools/bin/../lib/gcc/arm-none-eabi/9.3.1/../../../../arm-none-eabi/lib/thumb/v7e-m+fp/hard/libc_nano.a(lib_a-memcpy-stub.o)
                0x0000000008004c6c                memcpy
 .text.memmove  0x0000000008004c88       0x34 /Applications/STM32CubeIDE.app/Contents/Eclipse/plugins/com.st.stm32cube.ide.mcu.externaltools.gnu-tools-for-stm32.9-2020-q2-update.macos64_1.5.0.202011040924/tools/bin/../lib/gcc/arm-none-eabi/9.3.1/../../../../arm-none-eabi/lib/thumb/v7e-m+fp/hard/libc_nano.a(lib_a-memmove.o)
                0x0000000008004c88                memmove
 .text._free_r  0x0000000008004cbc       0xa0 /Applications/STM32CubeIDE.app/Contents/Eclipse/plugins/com.st.stm32cube.ide.mcu.externaltools.gnu-tools-for-stm32.9-2020-q2-update.macos64_1.5.0.202011040924/tools/bin/../lib/gcc/arm-none-eabi/9.3.1/../../../../arm-none-eabi/lib/thumb/v7e-m+fp/hard/libc_nano.a(lib_a-nano-freer.o)
                0x0000000008004cbc                _free_r
 .text._malloc_r
                0x0000000008004d5c       0xb4 /Applications/STM32CubeIDE.app/Contents/Eclipse/plugins/com.st.stm32cube.ide.mcu.externaltools.gnu-tools-for-stm32.9-2020-q2-update.macos64_1.5.0.202011040924/tools/bin/../lib/gcc/arm-none-eabi/9.3.1/../../../../arm-none-eabi/lib/thumb/v7e-m+fp/hard/libc_nano.a(lib_a-nano-mallocr.o)
                0x0000000008004d5c                _malloc_r
 .text._realloc_r
                0x0000000008004e10       0x4c /Applications/STM32CubeIDE.app/Contents/Eclipse/plugins/com.st.stm32cube.ide.mcu.externaltools.gnu-tools-for-stm32.9-2020-q2-update.macos64_1.5.0.202011040924/tools/bin/../lib/gcc/arm-none-eabi/9.3.1/../../../../arm-none-eabi/lib/thumb/v7e-m+fp/hard/libc_nano.a(lib_a-nano-reallocr.o)
                0x0000000008004e10                _realloc_r
 .text._sbrk_r  0x0000000008004e5c       0x20 /Applications/STM32CubeIDE.app/Contents/Eclipse/plugins/com.st.stm32cube.ide.mcu.externaltools.gnu-tools-for-stm32.9-2020-q2-update.macos64_1.5.0.202011040924/tools/bin/../lib/gcc/arm-none-eabi/9.3.1/../../../../arm-none-eabi/lib/thumb/v7e-m+fp/hard/libc_nano.a(lib_a-sbrkr.o)
                0x0000000008004e5c                _sbrk_r
 .text.__malloc_lock
                0x0000000008004e7c        0xc /Applications/STM32CubeIDE.app/Contents/Eclipse/plugins/com.st.stm32cube.ide.mcu.externaltools.gnu-tools-for-stm32.9-2020-q2-update.macos64_1.5.0.202011040924/tools/bin/../lib/gcc/arm-none-eabi/9.3.1/../../../../arm-none-eabi/lib/thumb/v7e-m+fp/hard/libc_nano.a(lib_a-mlock.o)
                0x0000000008004e7c                __malloc_lock
 .text.__malloc_unlock
                0x0000000008004e88        0xc /Applications/STM32CubeIDE.app/Contents/Eclipse/plugins/com.st.stm32cube.ide.mcu.externaltools.gnu-tools-for-stm32.9-2020-q2-update.macos64_1.5.0.202011040924/tools/bin/../lib/gcc/arm-none-eabi/9.3.1/../../../../arm-none-eabi/lib/thumb/v7e-m+fp/hard/libc_nano.a(lib_a-mlock.o)
                0x0000000008004e88                __malloc_unlock
 .text._malloc_usable_size_r
                0x0000000008004e94       0x10 /Applications/STM32CubeIDE.app/Contents/Eclipse/plugins/com.st.stm32cube.ide.mcu.externaltools.gnu-tools-for-stm32.9-2020-q2-update.macos64_1.5.0.202011040924/tools/bin/../lib/gcc/arm-none-eabi/9.3.1/../../../../arm-none-eabi/lib/thumb/v7e-m+fp/hard/libc_nano.a(lib_a-nano-msizer.o)
                0x0000000008004e94                _malloc_usable_size_r
 .text.__retarget_lock_acquire_recursive
                0x0000000008004ea4        0x2 /Applications/STM32CubeIDE.app/Contents/Eclipse/plugins/com.st.stm32cube.ide.mcu.externaltools.gnu-tools-for-stm32.9-2020-q2-update.macos64_1.5.0.202011040924/tools/bin/../lib/gcc/arm-none-eabi/9.3.1/../../../../arm-none-eabi/lib/thumb/v7e-m+fp/hard/libc_nano.a(lib_a-lock.o)
                0x0000000008004ea4                __retarget_lock_acquire_recursive
 .text.__retarget_lock_release_recursive
                0x0000000008004ea6        0x2 /Applications/STM32CubeIDE.app/Contents/Eclipse/plugins/com.st.stm32cube.ide.mcu.externaltools.gnu-tools-for-stm32.9-2020-q2-update.macos64_1.5.0.202011040924/tools/bin/../lib/gcc/arm-none-eabi/9.3.1/../../../../arm-none-eabi/lib/thumb/v7e-m+fp/hard/libc_nano.a(lib_a-lock.o)
                0x0000000008004ea6                __retarget_lock_release_recursive
 *(.glue_7)
 .glue_7        0x0000000008004ea8        0x0 linker stubs
 *(.glue_7t)
 .glue_7t       0x0000000008004ea8        0x0 linker stubs
 *(.eh_frame)
 .eh_frame      0x0000000008004ea8        0x0 /Applications/STM32CubeIDE.app/Contents/Eclipse/plugins/com.st.stm32cube.ide.mcu.externaltools.gnu-tools-for-stm32.9-2020-q2-update.macos64_1.5.0.202011040924/tools/bin/../lib/gcc/arm-none-eabi/9.3.1/thumb/v7e-m+fp/hard/crtbegin.o
 *(.init)
 .init          0x0000000008004ea8        0x4 /Applications/STM32CubeIDE.app/Contents/Eclipse/plugins/com.st.stm32cube.ide.mcu.externaltools.gnu-tools-for-stm32.9-2020-q2-update.macos64_1.5.0.202011040924/tools/bin/../lib/gcc/arm-none-eabi/9.3.1/thumb/v7e-m+fp/hard/crti.o
                0x0000000008004ea8                _init
 .init          0x0000000008004eac        0x8 /Applications/STM32CubeIDE.app/Contents/Eclipse/plugins/com.st.stm32cube.ide.mcu.externaltools.gnu-tools-for-stm32.9-2020-q2-update.macos64_1.5.0.202011040924/tools/bin/../lib/gcc/arm-none-eabi/9.3.1/thumb/v7e-m+fp/hard/crtn.o
 *(.fini)
 .fini          0x0000000008004eb4        0x4 /Applications/STM32CubeIDE.app/Contents/Eclipse/plugins/com.st.stm32cube.ide.mcu.externaltools.gnu-tools-for-stm32.9-2020-q2-update.macos64_1.5.0.202011040924/tools/bin/../lib/gcc/arm-none-eabi/9.3.1/thumb/v7e-m+fp/hard/crti.o
                0x0000000008004eb4                _fini
 .fini          0x0000000008004eb8        0x8 /Applications/STM32CubeIDE.app/Contents/Eclipse/plugins/com.st.stm32cube.ide.mcu.externaltools.gnu-tools-for-stm32.9-2020-q2-update.macos64_1.5.0.202011040924/tools/bin/../lib/gcc/arm-none-eabi/9.3.1/thumb/v7e-m+fp/hard/crtn.o
                0x0000000008004ec0                . = ALIGN (0x4)
                0x0000000008004ec0                _etext = .

.vfp11_veneer   0x0000000008004ec0        0x0
 .vfp11_veneer  0x0000000008004ec0        0x0 linker stubs

.v4_bx          0x0000000008004ec0        0x0
 .v4_bx         0x0000000008004ec0        0x0 linker stubs

.iplt           0x0000000008004ec0        0x0
 .iplt          0x0000000008004ec0        0x0 /Applications/STM32CubeIDE.app/Contents/Eclipse/plugins/com.st.stm32cube.ide.mcu.externaltools.gnu-tools-for-stm32.9-2020-q2-update.macos64_1.5.0.202011040924/tools/bin/../lib/gcc/arm-none-eabi/9.3.1/thumb/v7e-m+fp/hard/crtbegin.o

.rodata         0x0000000008004ec0      0x188
                0x0000000008004ec0                . = ALIGN (0x4)
 *(.rodata)
 .rodata        0x0000000008004ec0       0x3a Core/Src/main.o
 *(.rodata*)
 *fill*         0x0000000008004efa        0x2 
 .rodata.AHBPrescTable
                0x0000000008004efc       0x10 Core/Src/system_stm32f4xx.o
                0x0000000008004efc                AHBPrescTable
 .rodata.APBPrescTable
                0x0000000008004f0c        0x8 Core/Src/system_stm32f4xx.o
                0x0000000008004f0c                APBPrescTable
 .rodata._ctype_
                0x0000000008004f14      0x101 /Applications/STM32CubeIDE.app/Contents/Eclipse/plugins/com.st.stm32cube.ide.mcu.externaltools.gnu-tools-for-stm32.9-2020-q2-update.macos64_1.5.0.202011040924/tools/bin/../lib/gcc/arm-none-eabi/9.3.1/../../../../arm-none-eabi/lib/thumb/v7e-m+fp/hard/libc_nano.a(lib_a-ctype_.o)
                0x0000000008004f14                _ctype_
 .rodata._svfprintf_r.str1.1
                0x0000000008005015       0x11 /Applications/STM32CubeIDE.app/Contents/Eclipse/plugins/com.st.stm32cube.ide.mcu.externaltools.gnu-tools-for-stm32.9-2020-q2-update.macos64_1.5.0.202011040924/tools/bin/../lib/gcc/arm-none-eabi/9.3.1/../../../../arm-none-eabi/lib/thumb/v7e-m+fp/hard/libc_nano.a(lib_a-nano-svfprintf.o)
 .rodata._printf_i.str1.1
                0x0000000008005026       0x22 /Applications/STM32CubeIDE.app/Contents/Eclipse/plugins/com.st.stm32cube.ide.mcu.externaltools.gnu-tools-for-stm32.9-2020-q2-update.macos64_1.5.0.202011040924/tools/bin/../lib/gcc/arm-none-eabi/9.3.1/../../../../arm-none-eabi/lib/thumb/v7e-m+fp/hard/libc_nano.a(lib_a-nano-vfprintf_i.o)
                0x0000000008005048                . = ALIGN (0x4)

.ARM.extab      0x0000000008005048        0x0
                0x0000000008005048                . = ALIGN (0x4)
 *(.ARM.extab* .gnu.linkonce.armextab.*)
                0x0000000008005048                . = ALIGN (0x4)

.ARM            0x0000000008005048        0x8
                0x0000000008005048                . = ALIGN (0x4)
                0x0000000008005048                __exidx_start = .
 *(.ARM.exidx*)
 .ARM.exidx     0x0000000008005048        0x8 /Applications/STM32CubeIDE.app/Contents/Eclipse/plugins/com.st.stm32cube.ide.mcu.externaltools.gnu-tools-for-stm32.9-2020-q2-update.macos64_1.5.0.202011040924/tools/bin/../lib/gcc/arm-none-eabi/9.3.1/thumb/v7e-m+fp/hard/libgcc.a(_udivmoddi4.o)
                0x0000000008005050                __exidx_end = .
                0x0000000008005050                . = ALIGN (0x4)

.rel.dyn        0x0000000008005050        0x0
 .rel.iplt      0x0000000008005050        0x0 /Applications/STM32CubeIDE.app/Contents/Eclipse/plugins/com.st.stm32cube.ide.mcu.externaltools.gnu-tools-for-stm32.9-2020-q2-update.macos64_1.5.0.202011040924/tools/bin/../lib/gcc/arm-none-eabi/9.3.1/thumb/v7e-m+fp/hard/crtbegin.o

.preinit_array  0x0000000008005050        0x0
                0x0000000008005050                . = ALIGN (0x4)
                0x0000000008005050                PROVIDE (__preinit_array_start = .)
 *(.preinit_array*)
                0x0000000008005050                PROVIDE (__preinit_array_end = .)
                0x0000000008005050                . = ALIGN (0x4)

.init_array     0x0000000008005050        0x4
                0x0000000008005050                . = ALIGN (0x4)
                0x0000000008005050                PROVIDE (__init_array_start = .)
 *(SORT_BY_NAME(.init_array.*))
 *(.init_array*)
 .init_array    0x0000000008005050        0x4 /Applications/STM32CubeIDE.app/Contents/Eclipse/plugins/com.st.stm32cube.ide.mcu.externaltools.gnu-tools-for-stm32.9-2020-q2-update.macos64_1.5.0.202011040924/tools/bin/../lib/gcc/arm-none-eabi/9.3.1/thumb/v7e-m+fp/hard/crtbegin.o
                0x0000000008005054                PROVIDE (__init_array_end = .)
                0x0000000008005054                . = ALIGN (0x4)

.fini_array     0x0000000008005054        0x4
                0x0000000008005054                . = ALIGN (0x4)
                [!provide]                        PROVIDE (__fini_array_start = .)
 *(SORT_BY_NAME(.fini_array.*))
 *(.fini_array*)
 .fini_array    0x0000000008005054        0x4 /Applications/STM32CubeIDE.app/Contents/Eclipse/plugins/com.st.stm32cube.ide.mcu.externaltools.gnu-tools-for-stm32.9-2020-q2-update.macos64_1.5.0.202011040924/tools/bin/../lib/gcc/arm-none-eabi/9.3.1/thumb/v7e-m+fp/hard/crtbegin.o
                [!provide]                        PROVIDE (__fini_array_end = .)
                0x0000000008005058                . = ALIGN (0x4)
                0x0000000008005058                _sidata = LOADADDR (.data)

.data           0x0000000020000000       0x90 load address 0x0000000008005058
                0x0000000020000000                . = ALIGN (0x4)
                0x0000000020000000                _sdata = .
 *(.data)
 *(.data*)
 .data.OpenMessage
                0x0000000020000000        0x6 Core/Src/main.o
                0x0000000020000000                OpenMessage
 *fill*         0x0000000020000006        0x2 
 .data.AlarmIsOn
                0x0000000020000008        0xc Core/Src/main.o
                0x0000000020000008                AlarmIsOn
 .data.SetMessage
                0x0000000020000014        0x9 Core/Src/stm32f4xx_it.o
                0x0000000020000014                SetMessage
 *fill*         0x000000002000001d        0x3 
 .data.SystemCoreClock
                0x0000000020000020        0x4 Core/Src/system_stm32f4xx.o
                0x0000000020000020                SystemCoreClock
 .data.uwTickPrio
                0x0000000020000024        0x4 Drivers/STM32F4xx_HAL_Driver/Src/stm32f4xx_hal.o
                0x0000000020000024                uwTickPrio
 .data.uwTickFreq
                0x0000000020000028        0x1 Drivers/STM32F4xx_HAL_Driver/Src/stm32f4xx_hal.o
                0x0000000020000028                uwTickFreq
 *fill*         0x0000000020000029        0x3 
 .data._impure_ptr
                0x000000002000002c        0x4 /Applications/STM32CubeIDE.app/Contents/Eclipse/plugins/com.st.stm32cube.ide.mcu.externaltools.gnu-tools-for-stm32.9-2020-q2-update.macos64_1.5.0.202011040924/tools/bin/../lib/gcc/arm-none-eabi/9.3.1/../../../../arm-none-eabi/lib/thumb/v7e-m+fp/hard/libc_nano.a(lib_a-impure.o)
                0x000000002000002c                _impure_ptr
 .data.impure_data
                0x0000000020000030       0x60 /Applications/STM32CubeIDE.app/Contents/Eclipse/plugins/com.st.stm32cube.ide.mcu.externaltools.gnu-tools-for-stm32.9-2020-q2-update.macos64_1.5.0.202011040924/tools/bin/../lib/gcc/arm-none-eabi/9.3.1/../../../../arm-none-eabi/lib/thumb/v7e-m+fp/hard/libc_nano.a(lib_a-impure.o)
 *(.RamFunc)
 *(.RamFunc*)
                0x0000000020000090                . = ALIGN (0x4)
                0x0000000020000090                _edata = .

.igot.plt       0x0000000020000090        0x0 load address 0x00000000080050e8
 .igot.plt      0x0000000020000090        0x0 /Applications/STM32CubeIDE.app/Contents/Eclipse/plugins/com.st.stm32cube.ide.mcu.externaltools.gnu-tools-for-stm32.9-2020-q2-update.macos64_1.5.0.202011040924/tools/bin/../lib/gcc/arm-none-eabi/9.3.1/thumb/v7e-m+fp/hard/crtbegin.o
                0x0000000020000090                . = ALIGN (0x4)

.bss            0x0000000020000090      0x148 load address 0x00000000080050e8
                0x0000000020000090                _sbss = .
                0x0000000020000090                __bss_start__ = _sbss
 *(.bss)
 .bss           0x0000000020000090       0x1c /Applications/STM32CubeIDE.app/Contents/Eclipse/plugins/com.st.stm32cube.ide.mcu.externaltools.gnu-tools-for-stm32.9-2020-q2-update.macos64_1.5.0.202011040924/tools/bin/../lib/gcc/arm-none-eabi/9.3.1/thumb/v7e-m+fp/hard/crtbegin.o
 *(.bss*)
 .bss.JitterButtonK0
                0x00000000200000ac        0x1 Core/Src/stm32f4xx_it.o
                0x00000000200000ac                JitterButtonK0
 .bss.JitterButtonK1
                0x00000000200000ad        0x1 Core/Src/stm32f4xx_it.o
                0x00000000200000ad                JitterButtonK1
 *fill*         0x00000000200000ae        0x2 
 .bss.__sbrk_heap_end
                0x00000000200000b0        0x4 Core/Src/sysmem.o
 .bss.__malloc_free_list
                0x00000000200000b4        0x4 /Applications/STM32CubeIDE.app/Contents/Eclipse/plugins/com.st.stm32cube.ide.mcu.externaltools.gnu-tools-for-stm32.9-2020-q2-update.macos64_1.5.0.202011040924/tools/bin/../lib/gcc/arm-none-eabi/9.3.1/../../../../arm-none-eabi/lib/thumb/v7e-m+fp/hard/libc_nano.a(lib_a-nano-mallocr.o)
                0x00000000200000b4                __malloc_free_list
 .bss.__malloc_sbrk_start
                0x00000000200000b8        0x4 /Applications/STM32CubeIDE.app/Contents/Eclipse/plugins/com.st.stm32cube.ide.mcu.externaltools.gnu-tools-for-stm32.9-2020-q2-update.macos64_1.5.0.202011040924/tools/bin/../lib/gcc/arm-none-eabi/9.3.1/../../../../arm-none-eabi/lib/thumb/v7e-m+fp/hard/libc_nano.a(lib_a-nano-mallocr.o)
                0x00000000200000b8                __malloc_sbrk_start
 *(COMMON)
 COMMON         0x00000000200000bc       0xf2 Core/Src/main.o
                0x00000000200000bc                gDate
                0x00000000200000c0                SetMinutes
                0x00000000200000c1                IgnoringFlag
                0x00000000200000c4                gAlarm
                0x00000000200000ec                alarm
                0x00000000200000ed                SetAlarm
                0x00000000200000ee                SetDate
                0x00000000200000ef                SetSeconds
                0x00000000200000f0                gTime
                0x0000000020000104                huart1
                0x0000000020000148                K0isPressed
                0x0000000020000149                K1isPressed
                0x000000002000014c                hrtc
                0x000000002000018c                time
                0x0000000020000195                CharCounter
                0x0000000020000198                StartIgnoringTimer
                0x000000002000019c                Buffer
                0x00000000200001a0                NowTime
                0x00000000200001a4                date
                0x00000000200001ad                SetHours
 *fill*         0x00000000200001ae        0x2 
 COMMON         0x00000000200001b0       0x12 Core/Src/stm32f4xx_it.o
                0x00000000200001b0                Sstr
                0x00000000200001b4                Dstr
                0x00000000200001b8                Mstr
                0x00000000200001bc                RxData
                0x00000000200001c0                Hstr
 *fill*         0x00000000200001c2        0x2 
 COMMON         0x00000000200001c4        0x4 Drivers/STM32F4xx_HAL_Driver/Src/stm32f4xx_hal.o
                0x00000000200001c4                uwTick
 COMMON         0x00000000200001c8        0x4 /Applications/STM32CubeIDE.app/Contents/Eclipse/plugins/com.st.stm32cube.ide.mcu.externaltools.gnu-tools-for-stm32.9-2020-q2-update.macos64_1.5.0.202011040924/tools/bin/../lib/gcc/arm-none-eabi/9.3.1/../../../../arm-none-eabi/lib/thumb/v7e-m+fp/hard/libc_nano.a(lib_a-reent.o)
                0x00000000200001c8                errno
 COMMON         0x00000000200001cc        0x9 /Applications/STM32CubeIDE.app/Contents/Eclipse/plugins/com.st.stm32cube.ide.mcu.externaltools.gnu-tools-for-stm32.9-2020-q2-update.macos64_1.5.0.202011040924/tools/bin/../lib/gcc/arm-none-eabi/9.3.1/../../../../arm-none-eabi/lib/thumb/v7e-m+fp/hard/libc_nano.a(lib_a-lock.o)
                0x00000000200001cc                __lock___atexit_recursive_mutex
                0x00000000200001cd                __lock___arc4random_mutex
                0x00000000200001ce                __lock___env_recursive_mutex
                0x00000000200001cf                __lock___sinit_recursive_mutex
                0x00000000200001d0                __lock___malloc_recursive_mutex
                0x00000000200001d1                __lock___at_quick_exit_mutex
                0x00000000200001d2                __lock___dd_hash_mutex
                0x00000000200001d3                __lock___tz_mutex
                0x00000000200001d4                __lock___sfp_recursive_mutex
                0x00000000200001d8                . = ALIGN (0x4)
 *fill*         0x00000000200001d5        0x3 
                0x00000000200001d8                _ebss = .
                0x00000000200001d8                __bss_end__ = _ebss

._user_heap_stack
                0x00000000200001d8      0x600 load address 0x00000000080050e8
                0x00000000200001d8                . = ALIGN (0x8)
                [!provide]                        PROVIDE (end = .)
                0x00000000200001d8                PROVIDE (_end = .)
                0x00000000200003d8                . = (. + _Min_Heap_Size)
 *fill*         0x00000000200001d8      0x200 
                0x00000000200007d8                . = (. + _Min_Stack_Size)
 *fill*         0x00000000200003d8      0x400 
                0x00000000200007d8                . = ALIGN (0x8)

/DISCARD/
 libc.a(*)
 libm.a(*)
 libgcc.a(*)

.ARM.attributes
                0x0000000000000000       0x30
 *(.ARM.attributes)
 .ARM.attributes
                0x0000000000000000       0x1e /Applications/STM32CubeIDE.app/Contents/Eclipse/plugins/com.st.stm32cube.ide.mcu.externaltools.gnu-tools-for-stm32.9-2020-q2-update.macos64_1.5.0.202011040924/tools/bin/../lib/gcc/arm-none-eabi/9.3.1/thumb/v7e-m+fp/hard/crti.o
 .ARM.attributes
                0x000000000000001e       0x34 /Applications/STM32CubeIDE.app/Contents/Eclipse/plugins/com.st.stm32cube.ide.mcu.externaltools.gnu-tools-for-stm32.9-2020-q2-update.macos64_1.5.0.202011040924/tools/bin/../lib/gcc/arm-none-eabi/9.3.1/thumb/v7e-m+fp/hard/crtbegin.o
 .ARM.attributes
                0x0000000000000052       0x34 Core/Src/main.o
 .ARM.attributes
                0x0000000000000086       0x34 Core/Src/stm32f4xx_hal_msp.o
 .ARM.attributes
                0x00000000000000ba       0x34 Core/Src/stm32f4xx_it.o
 .ARM.attributes
                0x00000000000000ee       0x34 Core/Src/sysmem.o
 .ARM.attributes
                0x0000000000000122       0x34 Core/Src/system_stm32f4xx.o
 .ARM.attributes
                0x0000000000000156       0x21 Core/Startup/startup_stm32f407zetx.o
 .ARM.attributes
                0x0000000000000177       0x34 Drivers/STM32F4xx_HAL_Driver/Src/stm32f4xx_hal.o
 .ARM.attributes
                0x00000000000001ab       0x34 Drivers/STM32F4xx_HAL_Driver/Src/stm32f4xx_hal_cortex.o
 .ARM.attributes
                0x00000000000001df       0x34 Drivers/STM32F4xx_HAL_Driver/Src/stm32f4xx_hal_dma.o
 .ARM.attributes
                0x0000000000000213       0x34 Drivers/STM32F4xx_HAL_Driver/Src/stm32f4xx_hal_gpio.o
 .ARM.attributes
                0x0000000000000247       0x34 Drivers/STM32F4xx_HAL_Driver/Src/stm32f4xx_hal_rcc.o
 .ARM.attributes
                0x000000000000027b       0x34 Drivers/STM32F4xx_HAL_Driver/Src/stm32f4xx_hal_rcc_ex.o
 .ARM.attributes
                0x00000000000002af       0x34 Drivers/STM32F4xx_HAL_Driver/Src/stm32f4xx_hal_rtc.o
 .ARM.attributes
                0x00000000000002e3       0x34 Drivers/STM32F4xx_HAL_Driver/Src/stm32f4xx_hal_rtc_ex.o
 .ARM.attributes
                0x0000000000000317       0x34 Drivers/STM32F4xx_HAL_Driver/Src/stm32f4xx_hal_uart.o
 .ARM.attributes
                0x000000000000034b       0x34 /Applications/STM32CubeIDE.app/Contents/Eclipse/plugins/com.st.stm32cube.ide.mcu.externaltools.gnu-tools-for-stm32.9-2020-q2-update.macos64_1.5.0.202011040924/tools/bin/../lib/gcc/arm-none-eabi/9.3.1/../../../../arm-none-eabi/lib/thumb/v7e-m+fp/hard/libc_nano.a(lib_a-atoi.o)
 .ARM.attributes
                0x000000000000037f       0x32 /Applications/STM32CubeIDE.app/Contents/Eclipse/plugins/com.st.stm32cube.ide.mcu.externaltools.gnu-tools-for-stm32.9-2020-q2-update.macos64_1.5.0.202011040924/tools/bin/../lib/gcc/arm-none-eabi/9.3.1/../../../../arm-none-eabi/lib/thumb/v7e-m+fp/hard/libc_nano.a(lib_a-ctype_.o)
 .ARM.attributes
                0x00000000000003b1       0x34 /Applications/STM32CubeIDE.app/Contents/Eclipse/plugins/com.st.stm32cube.ide.mcu.externaltools.gnu-tools-for-stm32.9-2020-q2-update.macos64_1.5.0.202011040924/tools/bin/../lib/gcc/arm-none-eabi/9.3.1/../../../../arm-none-eabi/lib/thumb/v7e-m+fp/hard/libc_nano.a(lib_a-errno.o)
 .ARM.attributes
                0x00000000000003e5       0x32 /Applications/STM32CubeIDE.app/Contents/Eclipse/plugins/com.st.stm32cube.ide.mcu.externaltools.gnu-tools-for-stm32.9-2020-q2-update.macos64_1.5.0.202011040924/tools/bin/../lib/gcc/arm-none-eabi/9.3.1/../../../../arm-none-eabi/lib/thumb/v7e-m+fp/hard/libc_nano.a(lib_a-impure.o)
 .ARM.attributes
                0x0000000000000417       0x34 /Applications/STM32CubeIDE.app/Contents/Eclipse/plugins/com.st.stm32cube.ide.mcu.externaltools.gnu-tools-for-stm32.9-2020-q2-update.macos64_1.5.0.202011040924/tools/bin/../lib/gcc/arm-none-eabi/9.3.1/../../../../arm-none-eabi/lib/thumb/v7e-m+fp/hard/libc_nano.a(lib_a-init.o)
 .ARM.attributes
                0x000000000000044b       0x34 /Applications/STM32CubeIDE.app/Contents/Eclipse/plugins/com.st.stm32cube.ide.mcu.externaltools.gnu-tools-for-stm32.9-2020-q2-update.macos64_1.5.0.202011040924/tools/bin/../lib/gcc/arm-none-eabi/9.3.1/../../../../arm-none-eabi/lib/thumb/v7e-m+fp/hard/libc_nano.a(lib_a-memset.o)
 .ARM.attributes
                0x000000000000047f       0x34 /Applications/STM32CubeIDE.app/Contents/Eclipse/plugins/com.st.stm32cube.ide.mcu.externaltools.gnu-tools-for-stm32.9-2020-q2-update.macos64_1.5.0.202011040924/tools/bin/../lib/gcc/arm-none-eabi/9.3.1/../../../../arm-none-eabi/lib/thumb/v7e-m+fp/hard/libc_nano.a(lib_a-sprintf.o)
 .ARM.attributes
                0x00000000000004b3       0x17 /Applications/STM32CubeIDE.app/Contents/Eclipse/plugins/com.st.stm32cube.ide.mcu.externaltools.gnu-tools-for-stm32.9-2020-q2-update.macos64_1.5.0.202011040924/tools/bin/../lib/gcc/arm-none-eabi/9.3.1/../../../../arm-none-eabi/lib/thumb/v7e-m+fp/hard/libc_nano.a(lib_a-strlen.o)
 .ARM.attributes
                0x00000000000004ca       0x34 /Applications/STM32CubeIDE.app/Contents/Eclipse/plugins/com.st.stm32cube.ide.mcu.externaltools.gnu-tools-for-stm32.9-2020-q2-update.macos64_1.5.0.202011040924/tools/bin/../lib/gcc/arm-none-eabi/9.3.1/../../../../arm-none-eabi/lib/thumb/v7e-m+fp/hard/libc_nano.a(lib_a-strtol.o)
 .ARM.attributes
                0x00000000000004fe       0x34 /Applications/STM32CubeIDE.app/Contents/Eclipse/plugins/com.st.stm32cube.ide.mcu.externaltools.gnu-tools-for-stm32.9-2020-q2-update.macos64_1.5.0.202011040924/tools/bin/../lib/gcc/arm-none-eabi/9.3.1/../../../../arm-none-eabi/lib/thumb/v7e-m+fp/hard/libc_nano.a(lib_a-nano-svfprintf.o)
 .ARM.attributes
                0x0000000000000532       0x34 /Applications/STM32CubeIDE.app/Contents/Eclipse/plugins/com.st.stm32cube.ide.mcu.externaltools.gnu-tools-for-stm32.9-2020-q2-update.macos64_1.5.0.202011040924/tools/bin/../lib/gcc/arm-none-eabi/9.3.1/../../../../arm-none-eabi/lib/thumb/v7e-m+fp/hard/libc_nano.a(lib_a-nano-vfprintf_i.o)
 .ARM.attributes
                0x0000000000000566       0x1c /Applications/STM32CubeIDE.app/Contents/Eclipse/plugins/com.st.stm32cube.ide.mcu.externaltools.gnu-tools-for-stm32.9-2020-q2-update.macos64_1.5.0.202011040924/tools/bin/../lib/gcc/arm-none-eabi/9.3.1/../../../../arm-none-eabi/lib/thumb/v7e-m+fp/hard/libc_nano.a(lib_a-memchr.o)
 .ARM.attributes
                0x0000000000000582       0x34 /Applications/STM32CubeIDE.app/Contents/Eclipse/plugins/com.st.stm32cube.ide.mcu.externaltools.gnu-tools-for-stm32.9-2020-q2-update.macos64_1.5.0.202011040924/tools/bin/../lib/gcc/arm-none-eabi/9.3.1/../../../../arm-none-eabi/lib/thumb/v7e-m+fp/hard/libc_nano.a(lib_a-memcpy-stub.o)
 .ARM.attributes
                0x00000000000005b6       0x34 /Applications/STM32CubeIDE.app/Contents/Eclipse/plugins/com.st.stm32cube.ide.mcu.externaltools.gnu-tools-for-stm32.9-2020-q2-update.macos64_1.5.0.202011040924/tools/bin/../lib/gcc/arm-none-eabi/9.3.1/../../../../arm-none-eabi/lib/thumb/v7e-m+fp/hard/libc_nano.a(lib_a-memmove.o)
 .ARM.attributes
                0x00000000000005ea       0x34 /Applications/STM32CubeIDE.app/Contents/Eclipse/plugins/com.st.stm32cube.ide.mcu.externaltools.gnu-tools-for-stm32.9-2020-q2-update.macos64_1.5.0.202011040924/tools/bin/../lib/gcc/arm-none-eabi/9.3.1/../../../../arm-none-eabi/lib/thumb/v7e-m+fp/hard/libc_nano.a(lib_a-nano-freer.o)
 .ARM.attributes
                0x000000000000061e       0x34 /Applications/STM32CubeIDE.app/Contents/Eclipse/plugins/com.st.stm32cube.ide.mcu.externaltools.gnu-tools-for-stm32.9-2020-q2-update.macos64_1.5.0.202011040924/tools/bin/../lib/gcc/arm-none-eabi/9.3.1/../../../../arm-none-eabi/lib/thumb/v7e-m+fp/hard/libc_nano.a(lib_a-nano-mallocr.o)
 .ARM.attributes
                0x0000000000000652       0x34 /Applications/STM32CubeIDE.app/Contents/Eclipse/plugins/com.st.stm32cube.ide.mcu.externaltools.gnu-tools-for-stm32.9-2020-q2-update.macos64_1.5.0.202011040924/tools/bin/../lib/gcc/arm-none-eabi/9.3.1/../../../../arm-none-eabi/lib/thumb/v7e-m+fp/hard/libc_nano.a(lib_a-nano-reallocr.o)
 .ARM.attributes
                0x0000000000000686       0x34 /Applications/STM32CubeIDE.app/Contents/Eclipse/plugins/com.st.stm32cube.ide.mcu.externaltools.gnu-tools-for-stm32.9-2020-q2-update.macos64_1.5.0.202011040924/tools/bin/../lib/gcc/arm-none-eabi/9.3.1/../../../../arm-none-eabi/lib/thumb/v7e-m+fp/hard/libc_nano.a(lib_a-sbrkr.o)
 .ARM.attributes
                0x00000000000006ba       0x34 /Applications/STM32CubeIDE.app/Contents/Eclipse/plugins/com.st.stm32cube.ide.mcu.externaltools.gnu-tools-for-stm32.9-2020-q2-update.macos64_1.5.0.202011040924/tools/bin/../lib/gcc/arm-none-eabi/9.3.1/../../../../arm-none-eabi/lib/thumb/v7e-m+fp/hard/libc_nano.a(lib_a-mlock.o)
 .ARM.attributes
                0x00000000000006ee       0x34 /Applications/STM32CubeIDE.app/Contents/Eclipse/plugins/com.st.stm32cube.ide.mcu.externaltools.gnu-tools-for-stm32.9-2020-q2-update.macos64_1.5.0.202011040924/tools/bin/../lib/gcc/arm-none-eabi/9.3.1/../../../../arm-none-eabi/lib/thumb/v7e-m+fp/hard/libc_nano.a(lib_a-nano-msizer.o)
 .ARM.attributes
                0x0000000000000722       0x34 /Applications/STM32CubeIDE.app/Contents/Eclipse/plugins/com.st.stm32cube.ide.mcu.externaltools.gnu-tools-for-stm32.9-2020-q2-update.macos64_1.5.0.202011040924/tools/bin/../lib/gcc/arm-none-eabi/9.3.1/../../../../arm-none-eabi/lib/thumb/v7e-m+fp/hard/libc_nano.a(lib_a-reent.o)
 .ARM.attributes
                0x0000000000000756       0x34 /Applications/STM32CubeIDE.app/Contents/Eclipse/plugins/com.st.stm32cube.ide.mcu.externaltools.gnu-tools-for-stm32.9-2020-q2-update.macos64_1.5.0.202011040924/tools/bin/../lib/gcc/arm-none-eabi/9.3.1/../../../../arm-none-eabi/lib/thumb/v7e-m+fp/hard/libc_nano.a(lib_a-lock.o)
 .ARM.attributes
                0x000000000000078a       0x1e /Applications/STM32CubeIDE.app/Contents/Eclipse/plugins/com.st.stm32cube.ide.mcu.externaltools.gnu-tools-for-stm32.9-2020-q2-update.macos64_1.5.0.202011040924/tools/bin/../lib/gcc/arm-none-eabi/9.3.1/thumb/v7e-m+fp/hard/libgcc.a(_arm_addsubdf3.o)
 .ARM.attributes
                0x00000000000007a8       0x1e /Applications/STM32CubeIDE.app/Contents/Eclipse/plugins/com.st.stm32cube.ide.mcu.externaltools.gnu-tools-for-stm32.9-2020-q2-update.macos64_1.5.0.202011040924/tools/bin/../lib/gcc/arm-none-eabi/9.3.1/thumb/v7e-m+fp/hard/libgcc.a(_arm_fixunsdfsi.o)
 .ARM.attributes
                0x00000000000007c6       0x1e /Applications/STM32CubeIDE.app/Contents/Eclipse/plugins/com.st.stm32cube.ide.mcu.externaltools.gnu-tools-for-stm32.9-2020-q2-update.macos64_1.5.0.202011040924/tools/bin/../lib/gcc/arm-none-eabi/9.3.1/thumb/v7e-m+fp/hard/libgcc.a(_aeabi_uldivmod.o)
 .ARM.attributes
                0x00000000000007e4       0x34 /Applications/STM32CubeIDE.app/Contents/Eclipse/plugins/com.st.stm32cube.ide.mcu.externaltools.gnu-tools-for-stm32.9-2020-q2-update.macos64_1.5.0.202011040924/tools/bin/../lib/gcc/arm-none-eabi/9.3.1/thumb/v7e-m+fp/hard/libgcc.a(_udivmoddi4.o)
 .ARM.attributes
                0x0000000000000818       0x1e /Applications/STM32CubeIDE.app/Contents/Eclipse/plugins/com.st.stm32cube.ide.mcu.externaltools.gnu-tools-for-stm32.9-2020-q2-update.macos64_1.5.0.202011040924/tools/bin/../lib/gcc/arm-none-eabi/9.3.1/thumb/v7e-m+fp/hard/libgcc.a(_dvmd_tls.o)
 .ARM.attributes
                0x0000000000000836       0x1e /Applications/STM32CubeIDE.app/Contents/Eclipse/plugins/com.st.stm32cube.ide.mcu.externaltools.gnu-tools-for-stm32.9-2020-q2-update.macos64_1.5.0.202011040924/tools/bin/../lib/gcc/arm-none-eabi/9.3.1/thumb/v7e-m+fp/hard/crtn.o
OUTPUT(TimeBox.elf elf32-littlearm)
LOAD linker stubs
LOAD /Applications/STM32CubeIDE.app/Contents/Eclipse/plugins/com.st.stm32cube.ide.mcu.externaltools.gnu-tools-for-stm32.9-2020-q2-update.macos64_1.5.0.202011040924/tools/bin/../lib/gcc/arm-none-eabi/9.3.1/../../../../arm-none-eabi/lib/thumb/v7e-m+fp/hard/libc.a
LOAD /Applications/STM32CubeIDE.app/Contents/Eclipse/plugins/com.st.stm32cube.ide.mcu.externaltools.gnu-tools-for-stm32.9-2020-q2-update.macos64_1.5.0.202011040924/tools/bin/../lib/gcc/arm-none-eabi/9.3.1/../../../../arm-none-eabi/lib/thumb/v7e-m+fp/hard/libm.a
LOAD /Applications/STM32CubeIDE.app/Contents/Eclipse/plugins/com.st.stm32cube.ide.mcu.externaltools.gnu-tools-for-stm32.9-2020-q2-update.macos64_1.5.0.202011040924/tools/bin/../lib/gcc/arm-none-eabi/9.3.1/thumb/v7e-m+fp/hard/libgcc.a

.debug_info     0x0000000000000000     0xc770
 .debug_info    0x0000000000000000     0x2123 Core/Src/main.o
 .debug_info    0x0000000000002123     0x1046 Core/Src/stm32f4xx_hal_msp.o
 .debug_info    0x0000000000003169     0x1634 Core/Src/stm32f4xx_it.o
 .debug_info    0x000000000000479d      0xa25 Core/Src/sysmem.o
 .debug_info    0x00000000000051c2      0x5a4 Core/Src/system_stm32f4xx.o
 .debug_info    0x0000000000005766       0x22 Core/Startup/startup_stm32f407zetx.o
 .debug_info    0x0000000000005788      0x9b2 Drivers/STM32F4xx_HAL_Driver/Src/stm32f4xx_hal.o
 .debug_info    0x000000000000613a      0xed7 Drivers/STM32F4xx_HAL_Driver/Src/stm32f4xx_hal_cortex.o
 .debug_info    0x0000000000007011      0x9f1 Drivers/STM32F4xx_HAL_Driver/Src/stm32f4xx_hal_dma.o
 .debug_info    0x0000000000007a02      0x83e Drivers/STM32F4xx_HAL_Driver/Src/stm32f4xx_hal_gpio.o
 .debug_info    0x0000000000008240      0x996 Drivers/STM32F4xx_HAL_Driver/Src/stm32f4xx_hal_rcc.o
 .debug_info    0x0000000000008bd6      0x603 Drivers/STM32F4xx_HAL_Driver/Src/stm32f4xx_hal_rcc_ex.o
 .debug_info    0x00000000000091d9      0xed4 Drivers/STM32F4xx_HAL_Driver/Src/stm32f4xx_hal_rtc.o
 .debug_info    0x000000000000a0ad     0x105e Drivers/STM32F4xx_HAL_Driver/Src/stm32f4xx_hal_rtc_ex.o
 .debug_info    0x000000000000b10b     0x1665 Drivers/STM32F4xx_HAL_Driver/Src/stm32f4xx_hal_uart.o

.debug_abbrev   0x0000000000000000     0x1f0c
 .debug_abbrev  0x0000000000000000      0x3ac Core/Src/main.o
 .debug_abbrev  0x00000000000003ac      0x1b5 Core/Src/stm32f4xx_hal_msp.o
 .debug_abbrev  0x0000000000000561      0x25a Core/Src/stm32f4xx_it.o
 .debug_abbrev  0x00000000000007bb      0x1bf Core/Src/sysmem.o
 .debug_abbrev  0x000000000000097a      0x145 Core/Src/system_stm32f4xx.o
 .debug_abbrev  0x0000000000000abf       0x12 Core/Startup/startup_stm32f407zetx.o
 .debug_abbrev  0x0000000000000ad1      0x1ed Drivers/STM32F4xx_HAL_Driver/Src/stm32f4xx_hal.o
 .debug_abbrev  0x0000000000000cbe      0x33c Drivers/STM32F4xx_HAL_Driver/Src/stm32f4xx_hal_cortex.o
 .debug_abbrev  0x0000000000000ffa      0x259 Drivers/STM32F4xx_HAL_Driver/Src/stm32f4xx_hal_dma.o
 .debug_abbrev  0x0000000000001253      0x1f1 Drivers/STM32F4xx_HAL_Driver/Src/stm32f4xx_hal_gpio.o
 .debug_abbrev  0x0000000000001444      0x275 Drivers/STM32F4xx_HAL_Driver/Src/stm32f4xx_hal_rcc.o
 .debug_abbrev  0x00000000000016b9      0x18f Drivers/STM32F4xx_HAL_Driver/Src/stm32f4xx_hal_rcc_ex.o
 .debug_abbrev  0x0000000000001848      0x205 Drivers/STM32F4xx_HAL_Driver/Src/stm32f4xx_hal_rtc.o
 .debug_abbrev  0x0000000000001a4d      0x234 Drivers/STM32F4xx_HAL_Driver/Src/stm32f4xx_hal_rtc_ex.o
 .debug_abbrev  0x0000000000001c81      0x28b Drivers/STM32F4xx_HAL_Driver/Src/stm32f4xx_hal_uart.o

.debug_aranges  0x0000000000000000      0x9c0
 .debug_aranges
                0x0000000000000000       0xb0 Core/Src/main.o
 .debug_aranges
                0x00000000000000b0       0x40 Core/Src/stm32f4xx_hal_msp.o
 .debug_aranges
                0x00000000000000f0       0x80 Core/Src/stm32f4xx_it.o
 .debug_aranges
                0x0000000000000170       0x20 Core/Src/sysmem.o
 .debug_aranges
                0x0000000000000190       0x28 Core/Src/system_stm32f4xx.o
 .debug_aranges
                0x00000000000001b8       0x28 Core/Startup/startup_stm32f407zetx.o
 .debug_aranges
                0x00000000000001e0       0xf0 Drivers/STM32F4xx_HAL_Driver/Src/stm32f4xx_hal.o
 .debug_aranges
                0x00000000000002d0      0x118 Drivers/STM32F4xx_HAL_Driver/Src/stm32f4xx_hal_cortex.o
 .debug_aranges
                0x00000000000003e8       0x90 Drivers/STM32F4xx_HAL_Driver/Src/stm32f4xx_hal_dma.o
 .debug_aranges
                0x0000000000000478       0x58 Drivers/STM32F4xx_HAL_Driver/Src/stm32f4xx_hal_gpio.o
 .debug_aranges
                0x00000000000004d0       0x88 Drivers/STM32F4xx_HAL_Driver/Src/stm32f4xx_hal_rcc.o
 .debug_aranges
                0x0000000000000558       0x48 Drivers/STM32F4xx_HAL_Driver/Src/stm32f4xx_hal_rcc_ex.o
 .debug_aranges
                0x00000000000005a0       0xf0 Drivers/STM32F4xx_HAL_Driver/Src/stm32f4xx_hal_rtc.o
 .debug_aranges
                0x0000000000000690      0x130 Drivers/STM32F4xx_HAL_Driver/Src/stm32f4xx_hal_rtc_ex.o
 .debug_aranges
                0x00000000000007c0      0x200 Drivers/STM32F4xx_HAL_Driver/Src/stm32f4xx_hal_uart.o

.debug_ranges   0x0000000000000000      0x920
 .debug_ranges  0x0000000000000000       0xa0 Core/Src/main.o
 .debug_ranges  0x00000000000000a0       0x30 Core/Src/stm32f4xx_hal_msp.o
 .debug_ranges  0x00000000000000d0       0x88 Core/Src/stm32f4xx_it.o
 .debug_ranges  0x0000000000000158       0x10 Core/Src/sysmem.o
 .debug_ranges  0x0000000000000168       0x18 Core/Src/system_stm32f4xx.o
 .debug_ranges  0x0000000000000180       0x20 Core/Startup/startup_stm32f407zetx.o
 .debug_ranges  0x00000000000001a0       0xe0 Drivers/STM32F4xx_HAL_Driver/Src/stm32f4xx_hal.o
 .debug_ranges  0x0000000000000280      0x108 Drivers/STM32F4xx_HAL_Driver/Src/stm32f4xx_hal_cortex.o
 .debug_ranges  0x0000000000000388       0x80 Drivers/STM32F4xx_HAL_Driver/Src/stm32f4xx_hal_dma.o
 .debug_ranges  0x0000000000000408       0x48 Drivers/STM32F4xx_HAL_Driver/Src/stm32f4xx_hal_gpio.o
 .debug_ranges  0x0000000000000450       0x78 Drivers/STM32F4xx_HAL_Driver/Src/stm32f4xx_hal_rcc.o
 .debug_ranges  0x00000000000004c8       0x38 Drivers/STM32F4xx_HAL_Driver/Src/stm32f4xx_hal_rcc_ex.o
 .debug_ranges  0x0000000000000500       0xe0 Drivers/STM32F4xx_HAL_Driver/Src/stm32f4xx_hal_rtc.o
 .debug_ranges  0x00000000000005e0      0x120 Drivers/STM32F4xx_HAL_Driver/Src/stm32f4xx_hal_rtc_ex.o
 .debug_ranges  0x0000000000000700      0x220 Drivers/STM32F4xx_HAL_Driver/Src/stm32f4xx_hal_uart.o

.debug_macro    0x0000000000000000    0x21686
 .debug_macro   0x0000000000000000      0x384 Core/Src/main.o
 .debug_macro   0x0000000000000384      0xaa8 Core/Src/main.o
 .debug_macro   0x0000000000000e2c      0x29b Core/Src/main.o
 .debug_macro   0x00000000000010c7       0x2e Core/Src/main.o
 .debug_macro   0x00000000000010f5       0x2f Core/Src/main.o
 .debug_macro   0x0000000000001124       0x22 Core/Src/main.o
 .debug_macro   0x0000000000001146       0x8e Core/Src/main.o
 .debug_macro   0x00000000000011d4       0x51 Core/Src/main.o
 .debug_macro   0x0000000000001225      0x103 Core/Src/main.o
 .debug_macro   0x0000000000001328       0x6a Core/Src/main.o
 .debug_macro   0x0000000000001392      0x1df Core/Src/main.o
 .debug_macro   0x0000000000001571       0x1c Core/Src/main.o
 .debug_macro   0x000000000000158d       0x22 Core/Src/main.o
 .debug_macro   0x00000000000015af       0xdf Core/Src/main.o
 .debug_macro   0x000000000000168e     0x102d Core/Src/main.o
 .debug_macro   0x00000000000026bb      0x11f Core/Src/main.o
 .debug_macro   0x00000000000027da    0x15e3c Core/Src/main.o
 .debug_macro   0x0000000000018616       0x43 Core/Src/main.o
 .debug_macro   0x0000000000018659     0x3659 Core/Src/main.o
 .debug_macro   0x000000000001bcb2      0x174 Core/Src/main.o
 .debug_macro   0x000000000001be26       0x5c Core/Src/main.o
 .debug_macro   0x000000000001be82      0x96b Core/Src/main.o
 .debug_macro   0x000000000001c7ed      0x9fe Core/Src/main.o
 .debug_macro   0x000000000001d1eb      0x117 Core/Src/main.o
 .debug_macro   0x000000000001d302      0x13e Core/Src/main.o
 .debug_macro   0x000000000001d440       0x82 Core/Src/main.o
 .debug_macro   0x000000000001d4c2      0x174 Core/Src/main.o
 .debug_macro   0x000000000001d636      0x287 Core/Src/main.o
 .debug_macro   0x000000000001d8bd       0x5f Core/Src/main.o
 .debug_macro   0x000000000001d91c      0x236 Core/Src/main.o
 .debug_macro   0x000000000001db52      0x12c Core/Src/main.o
 .debug_macro   0x000000000001dc7e      0x21e Core/Src/main.o
 .debug_macro   0x000000000001de9c       0x2e Core/Src/main.o
 .debug_macro   0x000000000001deca      0x11a Core/Src/main.o
 .debug_macro   0x000000000001dfe4       0x7e Core/Src/main.o
 .debug_macro   0x000000000001e062       0x89 Core/Src/main.o
 .debug_macro   0x000000000001e0eb      0x31a Core/Src/main.o
 .debug_macro   0x000000000001e405      0x405 Core/Src/main.o
 .debug_macro   0x000000000001e80a       0xe4 Core/Src/main.o
 .debug_macro   0x000000000001e8ee      0x295 Core/Src/main.o
 .debug_macro   0x000000000001eb83      0x12d Core/Src/main.o
 .debug_macro   0x000000000001ecb0       0x4c Core/Src/main.o
 .debug_macro   0x000000000001ecfc       0x52 Core/Src/main.o
 .debug_macro   0x000000000001ed4e       0x18 Core/Src/main.o
 .debug_macro   0x000000000001ed66       0x3c Core/Src/main.o
 .debug_macro   0x000000000001eda2       0x34 Core/Src/main.o
 .debug_macro   0x000000000001edd6       0x16 Core/Src/main.o
 .debug_macro   0x000000000001edec       0x35 Core/Src/main.o
 .debug_macro   0x000000000001ee21      0x333 Core/Src/main.o
 .debug_macro   0x000000000001f154       0x10 Core/Src/main.o
 .debug_macro   0x000000000001f164       0x16 Core/Src/main.o
 .debug_macro   0x000000000001f17a       0x43 Core/Src/main.o
 .debug_macro   0x000000000001f1bd       0x34 Core/Src/main.o
 .debug_macro   0x000000000001f1f1       0x10 Core/Src/main.o
 .debug_macro   0x000000000001f201       0x58 Core/Src/main.o
 .debug_macro   0x000000000001f259       0x71 Core/Src/main.o
 .debug_macro   0x000000000001f2ca       0x1c Core/Src/main.o
 .debug_macro   0x000000000001f2e6      0x12a Core/Src/main.o
 .debug_macro   0x000000000001f410       0x10 Core/Src/main.o
 .debug_macro   0x000000000001f420       0x1c Core/Src/main.o
 .debug_macro   0x000000000001f43c       0x52 Core/Src/main.o
 .debug_macro   0x000000000001f48e       0x22 Core/Src/main.o
 .debug_macro   0x000000000001f4b0       0x10 Core/Src/main.o
 .debug_macro   0x000000000001f4c0       0x40 Core/Src/main.o
 .debug_macro   0x000000000001f500       0xd5 Core/Src/main.o
 .debug_macro   0x000000000001f5d5       0x1c Core/Src/main.o
 .debug_macro   0x000000000001f5f1       0x3d Core/Src/main.o
 .debug_macro   0x000000000001f62e       0x16 Core/Src/main.o
 .debug_macro   0x000000000001f644      0x145 Core/Src/main.o
 .debug_macro   0x000000000001f789      0x1a9 Core/Src/main.o
 .debug_macro   0x000000000001f932       0x16 Core/Src/main.o
 .debug_macro   0x000000000001f948       0x20 Core/Src/main.o
 .debug_macro   0x000000000001f968      0x1e2 Core/Src/stm32f4xx_hal_msp.o
 .debug_macro   0x000000000001fb4a      0x3b8 Core/Src/stm32f4xx_it.o
 .debug_macro   0x000000000001ff02      0x11f Core/Src/stm32f4xx_it.o
 .debug_macro   0x0000000000020021       0x16 Core/Src/stm32f4xx_it.o
 .debug_macro   0x0000000000020037       0x16 Core/Src/stm32f4xx_it.o
 .debug_macro   0x000000000002004d       0x29 Core/Src/stm32f4xx_it.o
 .debug_macro   0x0000000000020076       0xff Core/Src/sysmem.o
 .debug_macro   0x0000000000020175      0x23b Core/Src/sysmem.o
 .debug_macro   0x00000000000203b0      0x1d9 Core/Src/system_stm32f4xx.o
 .debug_macro   0x0000000000020589      0x233 Drivers/STM32F4xx_HAL_Driver/Src/stm32f4xx_hal.o
 .debug_macro   0x00000000000207bc      0x1d3 Drivers/STM32F4xx_HAL_Driver/Src/stm32f4xx_hal_cortex.o
 .debug_macro   0x000000000002098f      0x1d9 Drivers/STM32F4xx_HAL_Driver/Src/stm32f4xx_hal_dma.o
 .debug_macro   0x0000000000020b68      0x1d9 Drivers/STM32F4xx_HAL_Driver/Src/stm32f4xx_hal_gpio.o
 .debug_macro   0x0000000000020d41      0x1f7 Drivers/STM32F4xx_HAL_Driver/Src/stm32f4xx_hal_rcc.o
 .debug_macro   0x0000000000020f38      0x1d3 Drivers/STM32F4xx_HAL_Driver/Src/stm32f4xx_hal_rcc_ex.o
 .debug_macro   0x000000000002110b      0x1d4 Drivers/STM32F4xx_HAL_Driver/Src/stm32f4xx_hal_rtc.o
 .debug_macro   0x00000000000212df      0x1d3 Drivers/STM32F4xx_HAL_Driver/Src/stm32f4xx_hal_rtc_ex.o
 .debug_macro   0x00000000000214b2      0x1d4 Drivers/STM32F4xx_HAL_Driver/Src/stm32f4xx_hal_uart.o

.debug_line     0x0000000000000000     0xb877
 .debug_line    0x0000000000000000      0xdd1 Core/Src/main.o
 .debug_line    0x0000000000000dd1      0x782 Core/Src/stm32f4xx_hal_msp.o
 .debug_line    0x0000000000001553      0xb8c Core/Src/stm32f4xx_it.o
 .debug_line    0x00000000000020df      0x534 Core/Src/sysmem.o
 .debug_line    0x0000000000002613      0x77e Core/Src/system_stm32f4xx.o
 .debug_line    0x0000000000002d91       0x85 Core/Startup/startup_stm32f407zetx.o
 .debug_line    0x0000000000002e16      0x9de Drivers/STM32F4xx_HAL_Driver/Src/stm32f4xx_hal.o
 .debug_line    0x00000000000037f4      0xc8d Drivers/STM32F4xx_HAL_Driver/Src/stm32f4xx_hal_cortex.o
 .debug_line    0x0000000000004481      0xf47 Drivers/STM32F4xx_HAL_Driver/Src/stm32f4xx_hal_dma.o
 .debug_line    0x00000000000053c8      0xb56 Drivers/STM32F4xx_HAL_Driver/Src/stm32f4xx_hal_gpio.o
 .debug_line    0x0000000000005f1e      0xd5a Drivers/STM32F4xx_HAL_Driver/Src/stm32f4xx_hal_rcc.o
 .debug_line    0x0000000000006c78      0x9f4 Drivers/STM32F4xx_HAL_Driver/Src/stm32f4xx_hal_rcc_ex.o
 .debug_line    0x000000000000766c     0x1293 Drivers/STM32F4xx_HAL_Driver/Src/stm32f4xx_hal_rtc.o
 .debug_line    0x00000000000088ff     0x14d4 Drivers/STM32F4xx_HAL_Driver/Src/stm32f4xx_hal_rtc_ex.o
 .debug_line    0x0000000000009dd3     0x1aa4 Drivers/STM32F4xx_HAL_Driver/Src/stm32f4xx_hal_uart.o

.debug_str      0x0000000000000000    0xc9d96
 .debug_str     0x0000000000000000    0xc6cf0 Core/Src/main.o
                                      0xc71d7 (size before relaxing)
 .debug_str     0x00000000000c6cf0       0x78 Core/Src/stm32f4xx_hal_msp.o
                                      0xc2398 (size before relaxing)
 .debug_str     0x00000000000c6d68      0xa77 Core/Src/stm32f4xx_it.o
                                      0xc6944 (size before relaxing)
 .debug_str     0x00000000000c77df      0x4e9 Core/Src/sysmem.o
                                       0x62a7 (size before relaxing)
 .debug_str     0x00000000000c7cc8       0xc4 Core/Src/system_stm32f4xx.o
                                      0xc16a6 (size before relaxing)
 .debug_str     0x00000000000c7d8c       0x36 Core/Startup/startup_stm32f407zetx.o
                                         0x78 (size before relaxing)
 .debug_str     0x00000000000c7dc2      0x58d Drivers/STM32F4xx_HAL_Driver/Src/stm32f4xx_hal.o
                                      0xc2173 (size before relaxing)
 .debug_str     0x00000000000c834f      0x399 Drivers/STM32F4xx_HAL_Driver/Src/stm32f4xx_hal_cortex.o
                                      0xc1f62 (size before relaxing)
 .debug_str     0x00000000000c86e8      0x322 Drivers/STM32F4xx_HAL_Driver/Src/stm32f4xx_hal_dma.o
                                      0xc1abb (size before relaxing)
 .debug_str     0x00000000000c8a0a      0x15f Drivers/STM32F4xx_HAL_Driver/Src/stm32f4xx_hal_gpio.o
                                      0xc1838 (size before relaxing)
 .debug_str     0x00000000000c8b69      0x259 Drivers/STM32F4xx_HAL_Driver/Src/stm32f4xx_hal_rcc.o
                                      0xc1a93 (size before relaxing)
 .debug_str     0x00000000000c8dc2      0x113 Drivers/STM32F4xx_HAL_Driver/Src/stm32f4xx_hal_rcc_ex.o
                                      0xc17db (size before relaxing)
 .debug_str     0x00000000000c8ed5      0x356 Drivers/STM32F4xx_HAL_Driver/Src/stm32f4xx_hal_rtc.o
                                      0xc1ced (size before relaxing)
 .debug_str     0x00000000000c922b      0x577 Drivers/STM32F4xx_HAL_Driver/Src/stm32f4xx_hal_rtc_ex.o
                                      0xc1e51 (size before relaxing)
 .debug_str     0x00000000000c97a2      0x5f4 Drivers/STM32F4xx_HAL_Driver/Src/stm32f4xx_hal_uart.o
                                      0xc1ff5 (size before relaxing)

.comment        0x0000000000000000       0x53
 .comment       0x0000000000000000       0x53 Core/Src/main.o
                                         0x54 (size before relaxing)
 .comment       0x0000000000000053       0x54 Core/Src/stm32f4xx_hal_msp.o
 .comment       0x0000000000000053       0x54 Core/Src/stm32f4xx_it.o
 .comment       0x0000000000000053       0x54 Core/Src/sysmem.o
 .comment       0x0000000000000053       0x54 Core/Src/system_stm32f4xx.o
 .comment       0x0000000000000053       0x54 Drivers/STM32F4xx_HAL_Driver/Src/stm32f4xx_hal.o
 .comment       0x0000000000000053       0x54 Drivers/STM32F4xx_HAL_Driver/Src/stm32f4xx_hal_cortex.o
 .comment       0x0000000000000053       0x54 Drivers/STM32F4xx_HAL_Driver/Src/stm32f4xx_hal_dma.o
 .comment       0x0000000000000053       0x54 Drivers/STM32F4xx_HAL_Driver/Src/stm32f4xx_hal_gpio.o
 .comment       0x0000000000000053       0x54 Drivers/STM32F4xx_HAL_Driver/Src/stm32f4xx_hal_rcc.o
 .comment       0x0000000000000053       0x54 Drivers/STM32F4xx_HAL_Driver/Src/stm32f4xx_hal_rcc_ex.o
 .comment       0x0000000000000053       0x54 Drivers/STM32F4xx_HAL_Driver/Src/stm32f4xx_hal_rtc.o
 .comment       0x0000000000000053       0x54 Drivers/STM32F4xx_HAL_Driver/Src/stm32f4xx_hal_rtc_ex.o
 .comment       0x0000000000000053       0x54 Drivers/STM32F4xx_HAL_Driver/Src/stm32f4xx_hal_uart.o

.debug_frame    0x0000000000000000     0x2c78
 .debug_frame   0x0000000000000000      0x288 Core/Src/main.o
 .debug_frame   0x0000000000000288       0xc8 Core/Src/stm32f4xx_hal_msp.o
 .debug_frame   0x0000000000000350      0x180 Core/Src/stm32f4xx_it.o
 .debug_frame   0x00000000000004d0       0x34 Core/Src/sysmem.o
 .debug_frame   0x0000000000000504       0x58 Core/Src/system_stm32f4xx.o
 .debug_frame   0x000000000000055c      0x374 Drivers/STM32F4xx_HAL_Driver/Src/stm32f4xx_hal.o
 .debug_frame   0x00000000000008d0      0x498 Drivers/STM32F4xx_HAL_Driver/Src/stm32f4xx_hal_cortex.o
 .debug_frame   0x0000000000000d68      0x250 Drivers/STM32F4xx_HAL_Driver/Src/stm32f4xx_hal_dma.o
 .debug_frame   0x0000000000000fb8      0x14c Drivers/STM32F4xx_HAL_Driver/Src/stm32f4xx_hal_gpio.o
 .debug_frame   0x0000000000001104      0x1f0 Drivers/STM32F4xx_HAL_Driver/Src/stm32f4xx_hal_rcc.o
 .debug_frame   0x00000000000012f4       0xf0 Drivers/STM32F4xx_HAL_Driver/Src/stm32f4xx_hal_rcc_ex.o
 .debug_frame   0x00000000000013e4      0x420 Drivers/STM32F4xx_HAL_Driver/Src/stm32f4xx_hal_rtc.o
 .debug_frame   0x0000000000001804      0x548 Drivers/STM32F4xx_HAL_Driver/Src/stm32f4xx_hal_rtc_ex.o
 .debug_frame   0x0000000000001d4c      0x924 Drivers/STM32F4xx_HAL_Driver/Src/stm32f4xx_hal_uart.o
 .debug_frame   0x0000000000002670       0x30 /Applications/STM32CubeIDE.app/Contents/Eclipse/plugins/com.st.stm32cube.ide.mcu.externaltools.gnu-tools-for-stm32.9-2020-q2-update.macos64_1.5.0.202011040924/tools/bin/../lib/gcc/arm-none-eabi/9.3.1/../../../../arm-none-eabi/lib/thumb/v7e-m+fp/hard/libc_nano.a(lib_a-atoi.o)
 .debug_frame   0x00000000000026a0       0x20 /Applications/STM32CubeIDE.app/Contents/Eclipse/plugins/com.st.stm32cube.ide.mcu.externaltools.gnu-tools-for-stm32.9-2020-q2-update.macos64_1.5.0.202011040924/tools/bin/../lib/gcc/arm-none-eabi/9.3.1/../../../../arm-none-eabi/lib/thumb/v7e-m+fp/hard/libc_nano.a(lib_a-errno.o)
 .debug_frame   0x00000000000026c0       0x2c /Applications/STM32CubeIDE.app/Contents/Eclipse/plugins/com.st.stm32cube.ide.mcu.externaltools.gnu-tools-for-stm32.9-2020-q2-update.macos64_1.5.0.202011040924/tools/bin/../lib/gcc/arm-none-eabi/9.3.1/../../../../arm-none-eabi/lib/thumb/v7e-m+fp/hard/libc_nano.a(lib_a-init.o)
 .debug_frame   0x00000000000026ec       0x20 /Applications/STM32CubeIDE.app/Contents/Eclipse/plugins/com.st.stm32cube.ide.mcu.externaltools.gnu-tools-for-stm32.9-2020-q2-update.macos64_1.5.0.202011040924/tools/bin/../lib/gcc/arm-none-eabi/9.3.1/../../../../arm-none-eabi/lib/thumb/v7e-m+fp/hard/libc_nano.a(lib_a-memset.o)
 .debug_frame   0x000000000000270c       0x6c /Applications/STM32CubeIDE.app/Contents/Eclipse/plugins/com.st.stm32cube.ide.mcu.externaltools.gnu-tools-for-stm32.9-2020-q2-update.macos64_1.5.0.202011040924/tools/bin/../lib/gcc/arm-none-eabi/9.3.1/../../../../arm-none-eabi/lib/thumb/v7e-m+fp/hard/libc_nano.a(lib_a-sprintf.o)
 .debug_frame   0x0000000000002778       0x64 /Applications/STM32CubeIDE.app/Contents/Eclipse/plugins/com.st.stm32cube.ide.mcu.externaltools.gnu-tools-for-stm32.9-2020-q2-update.macos64_1.5.0.202011040924/tools/bin/../lib/gcc/arm-none-eabi/9.3.1/../../../../arm-none-eabi/lib/thumb/v7e-m+fp/hard/libc_nano.a(lib_a-strtol.o)
 .debug_frame   0x00000000000027dc       0x90 /Applications/STM32CubeIDE.app/Contents/Eclipse/plugins/com.st.stm32cube.ide.mcu.externaltools.gnu-tools-for-stm32.9-2020-q2-update.macos64_1.5.0.202011040924/tools/bin/../lib/gcc/arm-none-eabi/9.3.1/../../../../arm-none-eabi/lib/thumb/v7e-m+fp/hard/libc_nano.a(lib_a-nano-svfprintf.o)
 .debug_frame   0x000000000000286c       0x60 /Applications/STM32CubeIDE.app/Contents/Eclipse/plugins/com.st.stm32cube.ide.mcu.externaltools.gnu-tools-for-stm32.9-2020-q2-update.macos64_1.5.0.202011040924/tools/bin/../lib/gcc/arm-none-eabi/9.3.1/../../../../arm-none-eabi/lib/thumb/v7e-m+fp/hard/libc_nano.a(lib_a-nano-vfprintf_i.o)
 .debug_frame   0x00000000000028cc       0x28 /Applications/STM32CubeIDE.app/Contents/Eclipse/plugins/com.st.stm32cube.ide.mcu.externaltools.gnu-tools-for-stm32.9-2020-q2-update.macos64_1.5.0.202011040924/tools/bin/../lib/gcc/arm-none-eabi/9.3.1/../../../../arm-none-eabi/lib/thumb/v7e-m+fp/hard/libc_nano.a(lib_a-memcpy-stub.o)
 .debug_frame   0x00000000000028f4       0x28 /Applications/STM32CubeIDE.app/Contents/Eclipse/plugins/com.st.stm32cube.ide.mcu.externaltools.gnu-tools-for-stm32.9-2020-q2-update.macos64_1.5.0.202011040924/tools/bin/../lib/gcc/arm-none-eabi/9.3.1/../../../../arm-none-eabi/lib/thumb/v7e-m+fp/hard/libc_nano.a(lib_a-memmove.o)
 .debug_frame   0x000000000000291c       0x38 /Applications/STM32CubeIDE.app/Contents/Eclipse/plugins/com.st.stm32cube.ide.mcu.externaltools.gnu-tools-for-stm32.9-2020-q2-update.macos64_1.5.0.202011040924/tools/bin/../lib/gcc/arm-none-eabi/9.3.1/../../../../arm-none-eabi/lib/thumb/v7e-m+fp/hard/libc_nano.a(lib_a-nano-freer.o)
 .debug_frame   0x0000000000002954       0x30 /Applications/STM32CubeIDE.app/Contents/Eclipse/plugins/com.st.stm32cube.ide.mcu.externaltools.gnu-tools-for-stm32.9-2020-q2-update.macos64_1.5.0.202011040924/tools/bin/../lib/gcc/arm-none-eabi/9.3.1/../../../../arm-none-eabi/lib/thumb/v7e-m+fp/hard/libc_nano.a(lib_a-nano-mallocr.o)
 .debug_frame   0x0000000000002984       0x3c /Applications/STM32CubeIDE.app/Contents/Eclipse/plugins/com.st.stm32cube.ide.mcu.externaltools.gnu-tools-for-stm32.9-2020-q2-update.macos64_1.5.0.202011040924/tools/bin/../lib/gcc/arm-none-eabi/9.3.1/../../../../arm-none-eabi/lib/thumb/v7e-m+fp/hard/libc_nano.a(lib_a-nano-reallocr.o)
 .debug_frame   0x00000000000029c0       0x2c /Applications/STM32CubeIDE.app/Contents/Eclipse/plugins/com.st.stm32cube.ide.mcu.externaltools.gnu-tools-for-stm32.9-2020-q2-update.macos64_1.5.0.202011040924/tools/bin/../lib/gcc/arm-none-eabi/9.3.1/../../../../arm-none-eabi/lib/thumb/v7e-m+fp/hard/libc_nano.a(lib_a-sbrkr.o)
 .debug_frame   0x00000000000029ec       0x30 /Applications/STM32CubeIDE.app/Contents/Eclipse/plugins/com.st.stm32cube.ide.mcu.externaltools.gnu-tools-for-stm32.9-2020-q2-update.macos64_1.5.0.202011040924/tools/bin/../lib/gcc/arm-none-eabi/9.3.1/../../../../arm-none-eabi/lib/thumb/v7e-m+fp/hard/libc_nano.a(lib_a-mlock.o)
 .debug_frame   0x0000000000002a1c       0x20 /Applications/STM32CubeIDE.app/Contents/Eclipse/plugins/com.st.stm32cube.ide.mcu.externaltools.gnu-tools-for-stm32.9-2020-q2-update.macos64_1.5.0.202011040924/tools/bin/../lib/gcc/arm-none-eabi/9.3.1/../../../../arm-none-eabi/lib/thumb/v7e-m+fp/hard/libc_nano.a(lib_a-nano-msizer.o)
 .debug_frame   0x0000000000002a3c       0x5c /Applications/STM32CubeIDE.app/Contents/Eclipse/plugins/com.st.stm32cube.ide.mcu.externaltools.gnu-tools-for-stm32.9-2020-q2-update.macos64_1.5.0.202011040924/tools/bin/../lib/gcc/arm-none-eabi/9.3.1/../../../../arm-none-eabi/lib/thumb/v7e-m+fp/hard/libc_nano.a(lib_a-reent.o)
 .debug_frame   0x0000000000002a98       0xb0 /Applications/STM32CubeIDE.app/Contents/Eclipse/plugins/com.st.stm32cube.ide.mcu.externaltools.gnu-tools-for-stm32.9-2020-q2-update.macos64_1.5.0.202011040924/tools/bin/../lib/gcc/arm-none-eabi/9.3.1/../../../../arm-none-eabi/lib/thumb/v7e-m+fp/hard/libc_nano.a(lib_a-lock.o)