main.c:107:9:TurnHexIntoDec	16	static
main.c:112:9:TurnDecIntoHex	16	static
main.c:117:6:HappyToggling	24	static
main.c:127:6:SetTime	32	static
main.c:154:6:SetAlarmFunc	64	static
main.c:176:6:GetTimeDate	16	static
main.c:190:6:HAL_RTC_AlarmAEventCallback	16	static
main.c:195:9:IsAlarmSetBeforeNow	8	static
main.c:238:9:IsNewAlarmMoreFresh	16	static
main.c:277:9:IsNewAlarmAfterNow	8	static
main.c:318:6:Rewind5Sec	32	static
main.c:339:6:Forwardd5Sec	32	static
main.c:359:6:OpenTheDoor	8	static
main.c:366:6:ToDoOnAlarm	8	static
main.c:386:5:main	64	static
main.c:536:6:SystemClock_Config	104	static
main.c:584:13:MX_RTC_Init	8	static
main.c:664:13:MX_USART1_UART_Init	8	static
main.c:697:13:MX_GPIO_Init	56	static
main.c:759:6:Error_Handler	4	static,ignoring_inline_asm
