main.c:91:9:TurnHexIntoDec	16	static
main.c:96:9:TurnDecIntoHex	24	static
main.c:101:6:HappyToggling	24	static
main.c:112:6:SetTime	32	static
main.c:139:6:SetAlarm	56	static
main.c:161:6:GetTimeDate	40	static
main.c:178:6:HAL_RTC_AlarmAEventCallback	16	static
main.c:183:6:ToDoOnAlarm	8	static
main.c:198:5:main	56	static
main.c:300:6:SystemClock_Config	104	static
main.c:348:13:MX_RTC_Init	8	static
main.c:428:13:MX_USART1_UART_Init	8	static
main.c:461:13:MX_GPIO_Init	48	static
main.c:505:6:Error_Handler	4	static,ignoring_inline_asm
