stm32f4xx_it.c:96:6:NMI_Handler	4	static
stm32f4xx_it.c:111:6:HardFault_Handler	4	static
stm32f4xx_it.c:126:6:MemManage_Handler	4	static
stm32f4xx_it.c:141:6:BusFault_Handler	4	static
stm32f4xx_it.c:156:6:UsageFault_Handler	4	static
stm32f4xx_it.c:171:6:SVC_Handler	4	static
stm32f4xx_it.c:184:6:DebugMon_Handler	4	static
stm32f4xx_it.c:197:6:PendSV_Handler	4	static
stm32f4xx_it.c:210:6:SysTick_Handler	8	static
stm32f4xx_it.c:231:6:RCC_IRQHandler	4	static
stm32f4xx_it.c:244:6:EXTI3_IRQHandler	32	static
stm32f4xx_it.c:282:6:EXTI4_IRQHandler	32	static
stm32f4xx_it.c:325:6:USART1_IRQHandler	24	static
stm32f4xx_it.c:384:6:RTC_Alarm_IRQHandler	8	static
