stm32f4xx_it.c:101:6:NMI_Handler	4	static
stm32f4xx_it.c:116:6:HardFault_Handler	4	static
stm32f4xx_it.c:131:6:MemManage_Handler	4	static
stm32f4xx_it.c:146:6:BusFault_Handler	4	static
stm32f4xx_it.c:161:6:UsageFault_Handler	4	static
stm32f4xx_it.c:176:6:SVC_Handler	4	static
stm32f4xx_it.c:189:6:DebugMon_Handler	4	static
stm32f4xx_it.c:202:6:PendSV_Handler	4	static
stm32f4xx_it.c:215:6:SysTick_Handler	8	static
stm32f4xx_it.c:236:6:EXTI3_IRQHandler	8	static
stm32f4xx_it.c:259:6:EXTI4_IRQHandler	8	static
stm32f4xx_it.c:282:6:USART1_IRQHandler	40	static
stm32f4xx_it.c:379:6:RTC_Alarm_IRQHandler	8	static
